Archive member included to satisfy reference by file (symbol)

c:/altera/15.0/nios2eds/bin/gnu/h-x86_64-mingw32/bin/../lib/gcc/nios2-elf/4.9.1/../../../../../H-x86_64-mingw32/nios2-elf/lib\libm.a(lib_a-w_sqrt.o)
                              obj/default/graphic_lib/geometry.o (sqrt)
c:/altera/15.0/nios2eds/bin/gnu/h-x86_64-mingw32/bin/../lib/gcc/nios2-elf/4.9.1/../../../../../H-x86_64-mingw32/nios2-elf/lib\libm.a(lib_a-e_sqrt.o)
                              c:/altera/15.0/nios2eds/bin/gnu/h-x86_64-mingw32/bin/../lib/gcc/nios2-elf/4.9.1/../../../../../H-x86_64-mingw32/nios2-elf/lib\libm.a(lib_a-w_sqrt.o) (__ieee754_sqrt)
c:/altera/15.0/nios2eds/bin/gnu/h-x86_64-mingw32/bin/../lib/gcc/nios2-elf/4.9.1/../../../../../H-x86_64-mingw32/nios2-elf/lib\libm.a(lib_a-s_fpclassify.o)
                              c:/altera/15.0/nios2eds/bin/gnu/h-x86_64-mingw32/bin/../lib/gcc/nios2-elf/4.9.1/../../../../../H-x86_64-mingw32/nios2-elf/lib\libm.a(lib_a-w_sqrt.o) (__fpclassifyd)
c:/altera/15.0/nios2eds/bin/gnu/h-x86_64-mingw32/bin/../lib/gcc/nios2-elf/4.9.1/../../../../../H-x86_64-mingw32/nios2-elf/lib\libm.a(lib_a-s_lib_ver.o)
                              c:/altera/15.0/nios2eds/bin/gnu/h-x86_64-mingw32/bin/../lib/gcc/nios2-elf/4.9.1/../../../../../H-x86_64-mingw32/nios2-elf/lib\libm.a(lib_a-w_sqrt.o) (__fdlib_version)
c:/altera/15.0/nios2eds/bin/gnu/h-x86_64-mingw32/bin/../lib/gcc/nios2-elf/4.9.1/../../../../../H-x86_64-mingw32/nios2-elf/lib\libm.a(lib_a-s_matherr.o)
                              c:/altera/15.0/nios2eds/bin/gnu/h-x86_64-mingw32/bin/../lib/gcc/nios2-elf/4.9.1/../../../../../H-x86_64-mingw32/nios2-elf/lib\libm.a(lib_a-w_sqrt.o) (matherr)
c:/altera/15.0/nios2eds/bin/gnu/h-x86_64-mingw32/bin/../lib/gcc/nios2-elf/4.9.1\libgcc.a(lib2-divmod.o)
                              obj/default/demo/gui.o (__divsi3)
c:/altera/15.0/nios2eds/bin/gnu/h-x86_64-mingw32/bin/../lib/gcc/nios2-elf/4.9.1\libgcc.a(adddf3.o)
                              c:/altera/15.0/nios2eds/bin/gnu/h-x86_64-mingw32/bin/../lib/gcc/nios2-elf/4.9.1/../../../../../H-x86_64-mingw32/nios2-elf/lib\libm.a(lib_a-e_sqrt.o) (__adddf3)
c:/altera/15.0/nios2eds/bin/gnu/h-x86_64-mingw32/bin/../lib/gcc/nios2-elf/4.9.1\libgcc.a(divdf3.o)
                              c:/altera/15.0/nios2eds/bin/gnu/h-x86_64-mingw32/bin/../lib/gcc/nios2-elf/4.9.1/../../../../../H-x86_64-mingw32/nios2-elf/lib\libm.a(lib_a-w_sqrt.o) (__divdf3)
c:/altera/15.0/nios2eds/bin/gnu/h-x86_64-mingw32/bin/../lib/gcc/nios2-elf/4.9.1\libgcc.a(gedf2.o)
                              obj/default/thats_my_gui.o (__gedf2)
c:/altera/15.0/nios2eds/bin/gnu/h-x86_64-mingw32/bin/../lib/gcc/nios2-elf/4.9.1\libgcc.a(ledf2.o)
                              c:/altera/15.0/nios2eds/bin/gnu/h-x86_64-mingw32/bin/../lib/gcc/nios2-elf/4.9.1/../../../../../H-x86_64-mingw32/nios2-elf/lib\libm.a(lib_a-w_sqrt.o) (__ltdf2)
c:/altera/15.0/nios2eds/bin/gnu/h-x86_64-mingw32/bin/../lib/gcc/nios2-elf/4.9.1\libgcc.a(muldf3.o)
                              c:/altera/15.0/nios2eds/bin/gnu/h-x86_64-mingw32/bin/../lib/gcc/nios2-elf/4.9.1/../../../../../H-x86_64-mingw32/nios2-elf/lib\libm.a(lib_a-e_sqrt.o) (__muldf3)
c:/altera/15.0/nios2eds/bin/gnu/h-x86_64-mingw32/bin/../lib/gcc/nios2-elf/4.9.1\libgcc.a(subdf3.o)
                              c:/altera/15.0/nios2eds/bin/gnu/h-x86_64-mingw32/bin/../lib/gcc/nios2-elf/4.9.1/../../../../../H-x86_64-mingw32/nios2-elf/lib\libm.a(lib_a-e_sqrt.o) (__subdf3)
c:/altera/15.0/nios2eds/bin/gnu/h-x86_64-mingw32/bin/../lib/gcc/nios2-elf/4.9.1\libgcc.a(fixdfsi.o)
                              obj/default/graphic_lib/geometry.o (__fixdfsi)
c:/altera/15.0/nios2eds/bin/gnu/h-x86_64-mingw32/bin/../lib/gcc/nios2-elf/4.9.1\libgcc.a(floatsidf.o)
                              obj/default/graphic_lib/geometry.o (__floatsidf)
c:/altera/15.0/nios2eds/bin/gnu/h-x86_64-mingw32/bin/../lib/gcc/nios2-elf/4.9.1\libgcc.a(_clzsi2.o)
                              c:/altera/15.0/nios2eds/bin/gnu/h-x86_64-mingw32/bin/../lib/gcc/nios2-elf/4.9.1\libgcc.a(adddf3.o) (__clzsi2)
c:/altera/15.0/nios2eds/bin/gnu/h-x86_64-mingw32/bin/../lib/gcc/nios2-elf/4.9.1\libgcc.a(_clz.o)
                              c:/altera/15.0/nios2eds/bin/gnu/h-x86_64-mingw32/bin/../lib/gcc/nios2-elf/4.9.1\libgcc.a(_clzsi2.o) (__clz_tab)
c:/altera/15.0/nios2eds/bin/gnu/h-x86_64-mingw32/bin/../lib/gcc/nios2-elf/4.9.1/../../../../../H-x86_64-mingw32/nios2-elf/lib\libc.a(lib_a-errno.o)
                              c:/altera/15.0/nios2eds/bin/gnu/h-x86_64-mingw32/bin/../lib/gcc/nios2-elf/4.9.1/../../../../../H-x86_64-mingw32/nios2-elf/lib\libm.a(lib_a-w_sqrt.o) (__errno)
c:/altera/15.0/nios2eds/bin/gnu/h-x86_64-mingw32/bin/../lib/gcc/nios2-elf/4.9.1/../../../../../H-x86_64-mingw32/nios2-elf/lib\libc.a(lib_a-impure.o)
                              c:/altera/15.0/nios2eds/bin/gnu/h-x86_64-mingw32/bin/../lib/gcc/nios2-elf/4.9.1/../../../../../H-x86_64-mingw32/nios2-elf/lib\libc.a(lib_a-errno.o) (_impure_ptr)
[...]
Memory Configuration

Name             Origin             Length             Attributes
SDRAM_BEFORE_EXCEPTION 0x0000000002000000 0x0000000000000020
SDRAM            0x0000000002000020 0x0000000001ffffe0
background_mem   0x0000000004000000 0x0000000000002580
pic_mem          0x0000000004004000 0x0000000000002000
reset            0x0000000004007800 0x0000000000000020
epcs_flash_controller_0 0x0000000004007820 0x00000000000007e0
*default*        0x0000000000000000 0xffffffffffffffff

Linker script and memory map

LOAD ../FinalVersion_bsp//obj/HAL/src/crt0.o
LOAD obj/default/demo/gui.o
LOAD obj/default/demo/gui_vpg.o
LOAD obj/default/fonts/tahomabold_20.o
LOAD obj/default/fonts/tahomabold_32.o
LOAD obj/default/graphic_lib/ILI9341.o
LOAD obj/default/graphic_lib/geometry.o
LOAD obj/default/graphic_lib/simple_graphics.o
LOAD obj/default/graphic_lib/simple_text.o
LOAD obj/default/main.o
LOAD obj/default/terasic_lib/touch_spi.o
LOAD obj/default/thats_my_gui.o
LOAD c:/altera/15.0/nios2eds/bin/gnu/h-x86_64-mingw32/bin/../lib/gcc/nios2-elf/4.9.1/../../../../../H-x86_64-mingw32/nios2-elf/lib\libstdc++.a
LOAD c:/altera/15.0/nios2eds/bin/gnu/h-x86_64-mingw32/bin/../lib/gcc/nios2-elf/4.9.1/../../../../../H-x86_64-mingw32/nios2-elf/lib\libm.a
LOAD c:/altera/15.0/nios2eds/bin/gnu/h-x86_64-mingw32/bin/../lib/gcc/nios2-elf/4.9.1\libgcc.a
START GROUP
LOAD c:/altera/15.0/nios2eds/bin/gnu/h-x86_64-mingw32/bin/../lib/gcc/nios2-elf/4.9.1/../../../../../H-x86_64-mingw32/nios2-elf/lib\libc.a
LOAD c:/altera/15.0/nios2eds/bin/gnu/h-x86_64-mingw32/bin/../lib/gcc/nios2-elf/4.9.1\libgcc.a
LOAD ../FinalVersion_bsp/\libhal_bsp.a
LOAD c:/altera/15.0/nios2eds/bin/gnu/h-x86_64-mingw32/bin/../lib/gcc/nios2-elf/4.9.1/../../../../../H-x86_64-mingw32/nios2-elf/lib\libm.a
END GROUP
LOAD c:/altera/15.0/nios2eds/bin/gnu/h-x86_64-mingw32/bin/../lib/gcc/nios2-elf/4.9.1\libgcc.a
                0x0000000002000000                __alt_mem_SDRAM = 0x2000000
                0x0000000004000000                __alt_mem_background_mem = 0x4000000
                0x0000000004004000                __alt_mem_pic_mem = 0x4004000
                0x0000000004007800                __alt_mem_epcs_flash_controller_0 = 0x4007800

.entry          0x0000000004007800       0x20
 *(.entry)
 .entry         0x0000000004007800       0x20 ../FinalVersion_bsp//obj/HAL/src/crt0.o
                0x0000000004007800                __reset

.exceptions     0x0000000002000020      0x19c
                0x0000000002000020                PROVIDE (__ram_exceptions_start, ABSOLUTE (.))
                0x0000000002000020                . = ALIGN (0x20)
 *(.irq)
 *(.exceptions.entry.label)
 .exceptions.entry.label
                0x0000000002000020        0x0 ../FinalVersion_bsp/\libhal_bsp.a(alt_irq_entry.o)
                0x0000000002000020                alt_irq_entry
 .exceptions.entry.label
                0x0000000002000020        0x0 ../FinalVersion_bsp/\libhal_bsp.a(alt_exception_entry.o)
                0x0000000002000020                alt_exception
 *(.exceptions.entry.user)
 *(.exceptions.entry.ecc_fatal)
 *(.exceptions.entry)
 .exceptions.entry
                0x0000000002000020       0x54 ../FinalVersion_bsp/\libhal_bsp.a(alt_exception_entry.o)
 *(.exceptions.irqtest.user)
 *(.exceptions.irqtest)
 .exceptions.irqtest
                0x0000000002000074       0x10 ../FinalVersion_bsp/\libhal_bsp.a(alt_irq_entry.o)
 *(.exceptions.irqhandler.user)
 *(.exceptions.irqhandler)
 .exceptions.irqhandler
                0x0000000002000084        0x4 ../FinalVersion_bsp/\libhal_bsp.a(alt_irq_entry.o)
 *(.exceptions.irqreturn.user)
 *(.exceptions.irqreturn)
 .exceptions.irqreturn
                0x0000000002000088        0x4 ../FinalVersion_bsp/\libhal_bsp.a(alt_irq_entry.o)
 *(.exceptions.notirq.label)
 .exceptions.notirq.label
                0x000000000200008c        0x0 ../FinalVersion_bsp/\libhal_bsp.a(alt_irq_entry.o)
 *(.exceptions.notirq.user)
 *(.exceptions.notirq)
 .exceptions.notirq
                0x000000000200008c        0x8 ../FinalVersion_bsp/\libhal_bsp.a(alt_exception_entry.o)
 *(.exceptions.soft.user)
 *(.exceptions.soft)
 *(.exceptions.unknown.user)
 *(.exceptions.unknown)
 .exceptions.unknown
                0x0000000002000094        0x4 ../FinalVersion_bsp/\libhal_bsp.a(alt_exception_entry.o)
 *(.exceptions.exit.label)
 .exceptions.exit.label
                0x0000000002000098        0x0 ../FinalVersion_bsp/\libhal_bsp.a(alt_irq_entry.o)
 .exceptions.exit.label
                0x0000000002000098        0x0 ../FinalVersion_bsp/\libhal_bsp.a(alt_exception_entry.o)
 *(.exceptions.exit.user)
 *(.exceptions.exit)
 .exceptions.exit
                0x0000000002000098       0x54 ../FinalVersion_bsp/\libhal_bsp.a(alt_exception_entry.o)
 *(.exceptions)
 .exceptions    0x00000000020000ec       0xd0 ../FinalVersion_bsp/\libhal_bsp.a(alt_irq_handler.o)
                0x00000000020000ec                alt_irq_handler
                0x00000000020001bc                PROVIDE (__ram_exceptions_end, ABSOLUTE (.))
                0x0000000002000020                PROVIDE (__flash_exceptions_start, LOADADDR (.exceptions))

.text           0x00000000020001bc    0x1a33c
                0x00000000020001bc                PROVIDE (stext, ABSOLUTE (.))
 *(.interp)
 *(.hash)
 *(.dynsym)
 *(.dynstr)
 *(.gnu.version)
 *(.gnu.version_d)
 *(.gnu.version_r)
 *(.rel.init)
 *(.rela.init)
 *(.rel.text .rel.text.* .rel.gnu.linkonce.t.*)
 *(.rela.text .rela.text.* .rela.gnu.linkonce.t.*)
 *(.rel.fini)
 *(.rela.fini)
 *(.rel.rodata .rel.rodata.* .rel.gnu.linkonce.r.*)
 *(.rela.rodata .rela.rodata.* .rela.gnu.linkonce.r.*)
 *(.rel.data .rel.data.* .rel.gnu.linkonce.d.*)
 *(.rela.data .rela.data.* .rela.gnu.linkonce.d.*)
 *(.rel.tdata .rel.tdata.* .rel.gnu.linkonce.td.*)
 *(.rela.tdata .rela.tdata.* .rela.gnu.linkonce.td.*)
 *(.rel.tbss .rel.tbss.* .rel.gnu.linkonce.tb.*)
 *(.rela.tbss .rela.tbss.* .rela.gnu.linkonce.tb.*)
 *(.rel.ctors)
 *(.rela.ctors)
 *(.rel.dtors)
 *(.rela.dtors)
 *(.rel.got)
 *(.rela.got)
 *(.rel.sdata .rel.sdata.* .rel.gnu.linkonce.s.*)
 *(.rela.sdata .rela.sdata.* .rela.gnu.linkonce.s.*)
 *(.rel.sbss .rel.sbss.* .rel.gnu.linkonce.sb.*)
 *(.rela.sbss .rela.sbss.* .rela.gnu.linkonce.sb.*)
 *(.rel.sdata2 .rel.sdata2.* .rel.gnu.linkonce.s2.*)
 *(.rela.sdata2 .rela.sdata2.* .rela.gnu.linkonce.s2.*)
 *(.rel.sbss2 .rel.sbss2.* .rel.gnu.linkonce.sb2.*)
 *(.rela.sbss2 .rela.sbss2.* .rela.gnu.linkonce.sb2.*)
 *(.rel.bss .rel.bss.* .rel.gnu.linkonce.b.*)
 *(.rela.bss .rela.bss.* .rela.gnu.linkonce.b.*)
 *(.rel.plt)
 *(.rela.plt)
 *(.rel.dyn)
 *(.init)
 *(.plt)
 *(.text .stub .text.* .gnu.linkonce.t.*)
 .text          0x00000000020001bc       0x4c ../FinalVersion_bsp//obj/HAL/src/crt0.o
                0x00000000020001bc                _start
 .text          0x0000000002000208      0x934 obj/default/demo/gui.o
                0x0000000002000208                GUI_ShowWelcome
                0x00000000020002d8                GUI_ShowInfo
                0x0000000002000338                GUI_ShowTouchPoint
                0x0000000002000390                GUI_DeskInit
                0x0000000002000564                GUI_CheckButton
                0x00000000020005f4                GUI_DeskDraw
                0x0000000002000810                IsContinuedPoint
                0x00000000020008a4                GUI_ClearPaintArea
                0x0000000002000920                GUI
 .text          0x0000000002000b3c      0x7cc obj/default/demo/gui_vpg.o
                0x0000000002000b3c                ShowInfo
                0x0000000002000b9c                VPG_XLine
                0x0000000002000bc0                VPG_ColorPanel
                0x0000000002000c70                VPG_Grid
                0x0000000002000d6c                VPG_VGrid
                0x0000000002000e50                VPG_HGrid
                0x0000000002000f34                VPG_ColorBar
                0x00000000020010e4                GUI_ShowPAT
                0x0000000002001260                GUI_VPG
 .text          0x0000000002001308        0x0 obj/default/fonts/tahomabold_20.o
 .text          0x0000000002001308        0x0 obj/default/fonts/tahomabold_32.o
 .text          0x0000000002001308      0xae8 obj/default/graphic_lib/ILI9341.o
                0x0000000002001308                Delay_Ms
                0x0000000002001354                LCD_SetCursor
                0x0000000002001408                LCD_Clear
                0x0000000002001488                LCD_DrawPoint
                0x00000000020014f4                LCD_Init
                0x0000000002001b60                LCD_Pattern_Horizon
                0x0000000002001c98                LCD_Pattern_Vertical
                0x0000000002001d78                Set_BUFFER_FLAG
                0x0000000002001db4                Clr_BUFFER_FLAG
 .text          0x0000000002001df0      0x3f4 obj/default/graphic_lib/geometry.o
                0x0000000002001df0                IsPtInRect
                0x0000000002001e74                PtSet
                0x0000000002001eb4                RectSet
                0x0000000002001f10                RectInflate
                0x0000000002001f98                RectOffset
                0x0000000002002020                RectCopy
                0x0000000002002084                RectWidth
                0x00000000020020b8                RectHeight
                0x00000000020020ec                PtDistance
                0x00000000020021a0                PtCopy
 .text          0x00000000020021e4     0x2654 obj/default/graphic_lib/simple_graphics.o
                0x00000000020021e4                vid_clean_screen
                0x0000000002002240                vid_draw_line
                0x0000000002002304                vid_scroll_string_quit
                0x0000000002002344                vid_scroll_string_init
                0x0000000002002498                vid_scroll_string
                0x0000000002002808                vid_move_block
                0x0000000002002924                vid_print_string
                0x0000000002002a2c                vid_draw_box
                0x0000000002002b74                vid_print_char
                0x0000000002002c64                vid_set_pixel
                0x0000000002002d00                vid_get_pixel
                0x0000000002002d40                vid_paint_block
                0x0000000002002dd4                vid_draw_horiz_line
                0x0000000002002e4c                vid_merge_colors
                0x0000000002002e98                vid_color_convert24_16
                0x0000000002002f38                vid_color_convert16_24
                0x0000000002002fa4                vid_copy_line_to_frame_buffer
                0x0000000002002fe8                vid_draw_sloped_line
                0x0000000002003250                vid_draw_circle
                0x000000000200338c                vid_draw_round_corner_box
                0x0000000002003728                vid_round_corner_points
                0x0000000002003e60                max3
                0x0000000002003eb4                min3
                0x0000000002003f08                max_diff3
                0x0000000002003f6c                vid_put_pixel_in_span_map
                0x000000000200406c                vid_bres_scan_edges
                0x00000000020042ac                vid_draw_triangle
                0x0000000002004624                CopyImage16
                0x0000000002004708                CropImage16
 .text          0x0000000002004838      0x9f8 obj/default/graphic_lib/simple_text.o
                0x0000000002004838                vid_print_string_alpha
                0x0000000002004a94                seperate_color_channels
                0x0000000002004bdc                merge_color_channels
                0x0000000002004d0c                read_from_frame
                0x0000000002004d50                alpha_blending
                0x0000000002004f9c                vid_print_char_alpha
                0x0000000002005150                vid_string_pixel_length_alpha
 .text          0x0000000002005230       0xb4 obj/default/main.o
                0x0000000002005230                main
 .text          0x00000000020052e4      0xa38 obj/default/terasic_lib/touch_spi.o
                0x00000000020052e4                Touch_Init
                0x0000000002005458                Touch_UnInit
                0x00000000020054c0                Touch_EmptyFifo
                0x00000000020054f8                Touch_GetXY
                0x0000000002005640                touch_isr
                0x00000000020056b4                touch_empty_fifo
                0x00000000020056e4                touch_is_pen_pressed
                0x0000000002005724                touch_enable_penirq
                0x0000000002005884                touch_clear_input
                0x00000000020058b4                touch_get_xy
                0x0000000002005bcc                touch_alarm_callback
                0x0000000002005c44                touch_xy_transform
 .text          0x0000000002005d1c     0x1014 obj/default/thats_my_gui.o
                0x0000000002005d1c                my_GUI_ShowWelcome
                0x0000000002005e14                Set_Menu
                0x0000000002005fb8                Finish
                0x0000000002006294                Draw_Menu
                0x000000000200657c                Draw_BackGround
                0x00000000020065f8                my_GUI
 .text          0x0000000002006d30      0x130 c:/altera/15.0/nios2eds/bin/gnu/h-x86_64-mingw32/bin/../lib/gcc/nios2-elf/4.9.1/../../../../../H-x86_64-mingw32/nios2-elf/lib\libm.a(lib_a-w_sqrt.o)
                0x0000000002006d30                sqrt
 .text          0x0000000002006e60      0x294 c:/altera/15.0/nios2eds/bin/gnu/h-x86_64-mingw32/bin/../lib/gcc/nios2-elf/4.9.1/../../../../../H-x86_64-mingw32/nios2-elf/lib\libm.a(lib_a-e_sqrt.o)
                0x0000000002006e60                __ieee754_sqrt
 .text          0x00000000020070f4       0x74 c:/altera/15.0/nios2eds/bin/gnu/h-x86_64-mingw32/bin/../lib/gcc/nios2-elf/4.9.1/../../../../../H-x86_64-mingw32/nios2-elf/lib\libm.a(lib_a-s_fpclassify.o)
                0x00000000020070f4                __fpclassifyd
 .text          0x0000000002007168        0x0 c:/altera/15.0/nios2eds/bin/gnu/h-x86_64-mingw32/bin/../lib/gcc/nios2-elf/4.9.1/../../../../../H-x86_64-mingw32/nios2-elf/lib\libm.a(lib_a-s_lib_ver.o)
 .text          0x0000000002007168        0x8 c:/altera/15.0/nios2eds/bin/gnu/h-x86_64-mingw32/bin/../lib/gcc/nios2-elf/4.9.1/../../../../../H-x86_64-mingw32/nios2-elf/lib\libm.a(lib_a-s_matherr.o)
                0x0000000002007168                matherr
 .text          0x0000000002007170      0x12c c:/altera/15.0/nios2eds/bin/gnu/h-x86_64-mingw32/bin/../lib/gcc/nios2-elf/4.9.1\libgcc.a(lib2-divmod.o)
                0x00000000020071dc                __divsi3
                0x0000000002007230                __modsi3
                0x000000000200728c                __udivsi3
                0x0000000002007294                __umodsi3
 .text          0x000000000200729c      0x89c c:/altera/15.0/nios2eds/bin/gnu/h-x86_64-mingw32/bin/../lib/gcc/nios2-elf/4.9.1\libgcc.a(adddf3.o)
                0x000000000200729c                __adddf3
 .text          0x0000000002007b38      0x8cc c:/altera/15.0/nios2eds/bin/gnu/h-x86_64-mingw32/bin/../lib/gcc/nios2-elf/4.9.1\libgcc.a(divdf3.o)
                0x0000000002007b38                __divdf3
 .text          0x0000000002008404       0xe0 c:/altera/15.0/nios2eds/bin/gnu/h-x86_64-mingw32/bin/../lib/gcc/nios2-elf/4.9.1\libgcc.a(gedf2.o)
                0x0000000002008404                __gedf2
                0x0000000002008404                __gtdf2
 .text          0x00000000020084e4       0xe0 c:/altera/15.0/nios2eds/bin/gnu/h-x86_64-mingw32/bin/../lib/gcc/nios2-elf/4.9.1\libgcc.a(ledf2.o)
                0x00000000020084e4                __ledf2
                0x00000000020084e4                __ltdf2
 .text          0x00000000020085c4      0x724 c:/altera/15.0/nios2eds/bin/gnu/h-x86_64-mingw32/bin/../lib/gcc/nios2-elf/4.9.1\libgcc.a(muldf3.o)
                0x00000000020085c4                __muldf3
 .text          0x0000000002008ce8      0x8d0 c:/altera/15.0/nios2eds/bin/gnu/h-x86_64-mingw32/bin/../lib/gcc/nios2-elf/4.9.1\libgcc.a(subdf3.o)
                0x0000000002008ce8                __subdf3
 .text          0x00000000020095b8       0x88 c:/altera/15.0/nios2eds/bin/gnu/h-x86_64-mingw32/bin/../lib/gcc/nios2-elf/4.9.1\libgcc.a(fixdfsi.o)
                0x00000000020095b8                __fixdfsi
 .text          0x0000000002009640       0xd0 c:/altera/15.0/nios2eds/bin/gnu/h-x86_64-mingw32/bin/../lib/gcc/nios2-elf/4.9.1\libgcc.a(floatsidf.o)
                0x0000000002009640                __floatsidf
 .text          0x0000000002009710       0x64 c:/altera/15.0/nios2eds/bin/gnu/h-x86_64-mingw32/bin/../lib/gcc/nios2-elf/4.9.1\libgcc.a(_clzsi2.o)
                0x0000000002009710                __clzsi2
 .text          0x0000000002009774        0x0 c:/altera/15.0/nios2eds/bin/gnu/h-x86_64-mingw32/bin/../lib/gcc/nios2-elf/4.9.1\libgcc.a(_clz.o)
 .text          0x0000000002009774       0x10 c:/altera/15.0/nios2eds/bin/gnu/h-x86_64-mingw32/bin/../lib/gcc/nios2-elf/4.9.1/../../../../../H-x86_64-mingw32/nios2-elf/lib\libc.a(lib_a-errno.o)
                0x0000000002009774                __errno
 .text          0x0000000002009784        0x0 c:/altera/15.0/nios2eds/bin/gnu/h-x86_64-mingw32/bin/../lib/gcc/nios2-elf/4.9.1/../../../../../H-x86_64-mingw32/nios2-elf/lib\libc.a(lib_a-impure.o)
 .text          0x0000000002009784       0x28 c:/altera/15.0/nios2eds/bin/gnu/h-x86_64-mingw32/bin/../lib/gcc/nios2-elf/4.9.1/../../../../../H-x86_64-mingw32/nios2-elf/lib\libc.a(lib_a-malloc.o)
                0x0000000002009784                malloc
                0x0000000002009798                free
 .text          0x00000000020097ac      0x7a8 c:/altera/15.0/nios2eds/bin/gnu/h-x86_64-mingw32/bin/../lib/gcc/nios2-elf/4.9.1/../../../../../H-x86_64-mingw32/nios2-elf/lib\libc.a(lib_a-mallocr.o)
                0x00000000020097ac                _malloc_r
 .text          0x0000000002009f54      0x138 c:/altera/15.0/nios2eds/bin/gnu/h-x86_64-mingw32/bin/../lib/gcc/nios2-elf/4.9.1/../../../../../H-x86_64-mingw32/nios2-elf/lib\libc.a(lib_a-memcpy.o)
                0x0000000002009f54                memcpy
 .text          0x000000000200a08c      0x124 c:/altera/15.0/nios2eds/bin/gnu/h-x86_64-mingw32/bin/../lib/gcc/nios2-elf/4.9.1/../../../../../H-x86_64-mingw32/nios2-elf/lib\libc.a(lib_a-memset.o)
                0x000000000200a08c                memset
 .text          0x000000000200a1b0       0x68 c:/altera/15.0/nios2eds/bin/gnu/h-x86_64-mingw32/bin/../lib/gcc/nios2-elf/4.9.1/../../../../../H-x86_64-mingw32/nios2-elf/lib\libc.a(lib_a-printf.o)
                0x000000000200a1b0                _printf_r
                0x000000000200a1dc                printf
 .text          0x000000000200a218       0xcc c:/altera/15.0/nios2eds/bin/gnu/h-x86_64-mingw32/bin/../lib/gcc/nios2-elf/4.9.1/../../../../../H-x86_64-mingw32/nios2-elf/lib\libc.a(lib_a-puts.o)
                0x000000000200a218                _puts_r
                0x000000000200a2d0                puts
 .text          0x000000000200a2e4       0x54 c:/altera/15.0/nios2eds/bin/gnu/h-x86_64-mingw32/bin/../lib/gcc/nios2-elf/4.9.1/../../../../../H-x86_64-mingw32/nios2-elf/lib\libc.a(lib_a-sbrkr.o)
                0x000000000200a2e4                _sbrk_r
 .text          0x000000000200a338       0xc4 c:/altera/15.0/nios2eds/bin/gnu/h-x86_64-mingw32/bin/../lib/gcc/nios2-elf/4.9.1/../../../../../H-x86_64-mingw32/nios2-elf/lib\libc.a(lib_a-sprintf.o)
                0x000000000200a338                _sprintf_r
                0x000000000200a390                sprintf
 .text          0x000000000200a3fc       0x90 c:/altera/15.0/nios2eds/bin/gnu/h-x86_64-mingw32/bin/../lib/gcc/nios2-elf/4.9.1/../../../../../H-x86_64-mingw32/nios2-elf/lib\libc.a(lib_a-strcpy.o)
                0x000000000200a3fc                strcpy
 .text          0x000000000200a48c       0x98 c:/altera/15.0/nios2eds/bin/gnu/h-x86_64-mingw32/bin/../lib/gcc/nios2-elf/4.9.1/../../../../../H-x86_64-mingw32/nios2-elf/lib\libc.a(lib_a-strlen.o)
                0x000000000200a48c                strlen
 .text          0x000000000200a524     0x1f90 c:/altera/15.0/nios2eds/bin/gnu/h-x86_64-mingw32/bin/../lib/gcc/nios2-elf/4.9.1/../../../../../H-x86_64-mingw32/nios2-elf/lib\libc.a(lib_a-svfprintf.o)
                0x000000000200a524                ___svfprintf_internal_r
 .text          0x000000000200c4b4     0x2020 c:/altera/15.0/nios2eds/bin/gnu/h-x86_64-mingw32/bin/../lib/gcc/nios2-elf/4.9.1/../../../../../H-x86_64-mingw32/nios2-elf/lib\libc.a(lib_a-vfprintf.o)
                0x000000000200c4b4                ___vfprintf_internal_r
                0x000000000200e4b0                __vfprintf_internal
 .text          0x000000000200e4d4      0x130 c:/altera/15.0/nios2eds/bin/gnu/h-x86_64-mingw32/bin/../lib/gcc/nios2-elf/4.9.1/../../../../../H-x86_64-mingw32/nios2-elf/lib\libc.a(lib_a-wsetup.o)
                0x000000000200e4d4                __swsetup_r
 .text          0x000000000200e604     0x1928 c:/altera/15.0/nios2eds/bin/gnu/h-x86_64-mingw32/bin/../lib/gcc/nios2-elf/4.9.1/../../../../../H-x86_64-mingw32/nios2-elf/lib\libc.a(lib_a-dtoa.o)
                0x000000000200e804                _dtoa_r
 .text          0x000000000200ff2c      0x258 c:/altera/15.0/nios2eds/bin/gnu/h-x86_64-mingw32/bin/../lib/gcc/nios2-elf/4.9.1/../../../../../H-x86_64-mingw32/nios2-elf/lib\libc.a(lib_a-fflush.o)
                0x000000000200ff2c                _fflush_r
                0x0000000002010154                fflush
 .text          0x0000000002010184      0x3a0 c:/altera/15.0/nios2eds/bin/gnu/h-x86_64-mingw32/bin/../lib/gcc/nios2-elf/4.9.1/../../../../../H-x86_64-mingw32/nios2-elf/lib\libc.a(lib_a-findfp.o)
                0x0000000002010194                _cleanup_r
                0x0000000002010340                __sfmoreglue
                0x00000000020103a4                __sfp
                0x00000000020104bc                _cleanup
                0x00000000020104d4                __sinit
                0x00000000020104e4                __sfp_lock_acquire
                0x00000000020104e8                __sfp_lock_release
                0x00000000020104ec                __sinit_lock_acquire
                0x00000000020104f0                __sinit_lock_release
                0x00000000020104f4                __fp_lock_all
                0x000000000201050c                __fp_unlock_all
 .text          0x0000000002010524      0x414 c:/altera/15.0/nios2eds/bin/gnu/h-x86_64-mingw32/bin/../lib/gcc/nios2-elf/4.9.1/../../../../../H-x86_64-mingw32/nios2-elf/lib\libc.a(lib_a-freer.o)
                0x0000000002010524                _malloc_trim_r
                0x0000000002010648                _free_r
 .text          0x0000000002010938      0x4a4 c:/altera/15.0/nios2eds/bin/gnu/h-x86_64-mingw32/bin/../lib/gcc/nios2-elf/4.9.1/../../../../../H-x86_64-mingw32/nios2-elf/lib\libc.a(lib_a-fvwrite.o)
                0x0000000002010938                __sfvwrite_r
 .text          0x0000000002010ddc      0x170 c:/altera/15.0/nios2eds/bin/gnu/h-x86_64-mingw32/bin/../lib/gcc/nios2-elf/4.9.1/../../../../../H-x86_64-mingw32/nios2-elf/lib\libc.a(lib_a-fwalk.o)
                0x0000000002010ddc                _fwalk
                0x0000000002010e94                _fwalk_reent
 .text          0x0000000002010f4c        0x0 c:/altera/15.0/nios2eds/bin/gnu/h-x86_64-mingw32/bin/../lib/gcc/nios2-elf/4.9.1/../../../../../H-x86_64-mingw32/nios2-elf/lib\libc.a(lib_a-int_errno.o)
 .text          0x0000000002010f4c       0xe0 c:/altera/15.0/nios2eds/bin/gnu/h-x86_64-mingw32/bin/../lib/gcc/nios2-elf/4.9.1/../../../../../H-x86_64-mingw32/nios2-elf/lib\libc.a(lib_a-locale.o)
                0x0000000002010f4c                _setlocale_r
                0x0000000002010fc8                __locale_charset
                0x0000000002010fd4                __locale_mb_cur_max
                0x0000000002010fe4                __locale_msgcharset
                0x0000000002010ff0                __locale_cjk_lang
                0x0000000002010ff8                _localeconv_r
                0x0000000002011004                setlocale
                0x0000000002011020                localeconv
 .text          0x000000000201102c      0x1b8 c:/altera/15.0/nios2eds/bin/gnu/h-x86_64-mingw32/bin/../lib/gcc/nios2-elf/4.9.1/../../../../../H-x86_64-mingw32/nios2-elf/lib\libc.a(lib_a-makebuf.o)
                0x000000000201102c                __smakebuf_r
 .text          0x00000000020111e4       0xe8 c:/altera/15.0/nios2eds/bin/gnu/h-x86_64-mingw32/bin/../lib/gcc/nios2-elf/4.9.1/../../../../../H-x86_64-mingw32/nios2-elf/lib\libc.a(lib_a-memchr.o)
                0x00000000020111e4                memchr
 .text          0x00000000020112cc      0x15c c:/altera/15.0/nios2eds/bin/gnu/h-x86_64-mingw32/bin/../lib/gcc/nios2-elf/4.9.1/../../../../../H-x86_64-mingw32/nios2-elf/lib\libc.a(lib_a-memmove.o)
                0x00000000020112cc                memmove
 .text          0x0000000002011428      0xf8c c:/altera/15.0/nios2eds/bin/gnu/h-x86_64-mingw32/bin/../lib/gcc/nios2-elf/4.9.1/../../../../../H-x86_64-mingw32/nios2-elf/lib\libc.a(lib_a-mprec.o)
                0x0000000002011428                _Balloc
                0x00000000020114d0                _Bfree
                0x00000000020114f8                __multadd
                0x000000000201160c                __s2b
                0x0000000002011710                __hi0bits
                0x0000000002011778                __lo0bits
                0x0000000002011828                __i2b
                0x0000000002011864                __multiply
                0x0000000002011a60                __pow5mult
                0x0000000002011ba0                __lshift
                0x0000000002011ce8                __mcmp
                0x0000000002011d48                __mdiff
                0x0000000002011ee0                __ulp
                0x0000000002011f40                __b2d
                0x000000000201205c                __d2b
                0x0000000002012198                __ratio
                0x000000000201223c                _mprec_log10
                0x00000000020122b0                __copybits
                0x0000000002012328                __any_on
 .text          0x00000000020123b4      0x5a0 c:/altera/15.0/nios2eds/bin/gnu/h-x86_64-mingw32/bin/../lib/gcc/nios2-elf/4.9.1/../../../../../H-x86_64-mingw32/nios2-elf/lib\libc.a(lib_a-reallocr.o)
                0x00000000020123b4                _realloc_r
 .text          0x0000000002012954      0x13c c:/altera/15.0/nios2eds/bin/gnu/h-x86_64-mingw32/bin/../lib/gcc/nios2-elf/4.9.1/../../../../../H-x86_64-mingw32/nios2-elf/lib\libc.a(lib_a-stdio.o)
                0x0000000002012954                __sread
                0x00000000020129a8                __seofread
                0x00000000020129b0                __swrite
                0x0000000002012a2c                __sseek
                0x0000000002012a88                __sclose
 .text          0x0000000002012a90       0xa4 c:/altera/15.0/nios2eds/bin/gnu/h-x86_64-mingw32/bin/../lib/gcc/nios2-elf/4.9.1/../../../../../H-x86_64-mingw32/nios2-elf/lib\libc.a(lib_a-strcmp.o)
                0x0000000002012a90                strcmp
 .text          0x0000000002012b34     0x1230 c:/altera/15.0/nios2eds/bin/gnu/h-x86_64-mingw32/bin/../lib/gcc/nios2-elf/4.9.1/../../../../../H-x86_64-mingw32/nios2-elf/lib\libc.a(lib_a-svfiprintf.o)
                0x0000000002012b34                __ssprint_r
                0x0000000002012cfc                ___svfiprintf_internal_r
 .text          0x0000000002013d64     0x1494 c:/altera/15.0/nios2eds/bin/gnu/h-x86_64-mingw32/bin/../lib/gcc/nios2-elf/4.9.1/../../../../../H-x86_64-mingw32/nios2-elf/lib\libc.a(lib_a-vfiprintf.o)
                0x0000000002013e60                __sprint_r
                0x0000000002013e78                ___vfiprintf_internal_r
                0x00000000020151d4                __vfiprintf_internal
 .text          0x00000000020151f8       0x5c c:/altera/15.0/nios2eds/bin/gnu/h-x86_64-mingw32/bin/../lib/gcc/nios2-elf/4.9.1/../../../../../H-x86_64-mingw32/nios2-elf/lib\libc.a(lib_a-writer.o)
                0x00000000020151f8                _write_r
 .text          0x0000000002015254       0x54 c:/altera/15.0/nios2eds/bin/gnu/h-x86_64-mingw32/bin/../lib/gcc/nios2-elf/4.9.1/../../../../../H-x86_64-mingw32/nios2-elf/lib\libc.a(closer.o)
                0x0000000002015254                _close_r
 .text          0x00000000020152a8       0xc4 c:/altera/15.0/nios2eds/bin/gnu/h-x86_64-mingw32/bin/../lib/gcc/nios2-elf/4.9.1/../../../../../H-x86_64-mingw32/nios2-elf/lib\libc.a(lib_a-callocr.o)
                0x00000000020152a8                _calloc_r
 .text          0x000000000201536c      0x114 c:/altera/15.0/nios2eds/bin/gnu/h-x86_64-mingw32/bin/../lib/gcc/nios2-elf/4.9.1/../../../../../H-x86_64-mingw32/nios2-elf/lib\libc.a(lib_a-fclose.o)
                0x000000000201536c                _fclose_r
                0x000000000201546c                fclose
 .text          0x0000000002015480      0x1dc c:/altera/15.0/nios2eds/bin/gnu/h-x86_64-mingw32/bin/../lib/gcc/nios2-elf/4.9.1/../../../../../H-x86_64-mingw32/nios2-elf/lib\libc.a(lib_a-fputwc.o)
                0x0000000002015480                _fputwc_r
                0x0000000002015604                fputwc
 .text          0x000000000201565c       0x58 c:/altera/15.0/nios2eds/bin/gnu/h-x86_64-mingw32/bin/../lib/gcc/nios2-elf/4.9.1/../../../../../H-x86_64-mingw32/nios2-elf/lib\libc.a(lib_a-fstatr.o)
                0x000000000201565c                _fstat_r
 .text          0x00000000020156b4       0x54 c:/altera/15.0/nios2eds/bin/gnu/h-x86_64-mingw32/bin/../lib/gcc/nios2-elf/4.9.1/../../../../../H-x86_64-mingw32/nios2-elf/lib\libc.a(lib_a-isattyr.o)
                0x00000000020156b4                _isatty_r
 .text          0x0000000002015708       0x5c c:/altera/15.0/nios2eds/bin/gnu/h-x86_64-mingw32/bin/../lib/gcc/nios2-elf/4.9.1/../../../../../H-x86_64-mingw32/nios2-elf/lib\libc.a(lib_a-lseekr.o)
                0x0000000002015708                _lseek_r
 .text          0x0000000002015764       0x5c c:/altera/15.0/nios2eds/bin/gnu/h-x86_64-mingw32/bin/../lib/gcc/nios2-elf/4.9.1/../../../../../H-x86_64-mingw32/nios2-elf/lib\libc.a(lib_a-readr.o)
                0x0000000002015764                _read_r
 .text          0x00000000020157c0      0x170 c:/altera/15.0/nios2eds/bin/gnu/h-x86_64-mingw32/bin/../lib/gcc/nios2-elf/4.9.1/../../../../../H-x86_64-mingw32/nios2-elf/lib\libc.a(lib_a-wbuf.o)
                0x00000000020157c0                __swbuf_r
                0x0000000002015914                __swbuf
 .text          0x0000000002015930      0x174 c:/altera/15.0/nios2eds/bin/gnu/h-x86_64-mingw32/bin/../lib/gcc/nios2-elf/4.9.1/../../../../../H-x86_64-mingw32/nios2-elf/lib\libc.a(lib_a-wcrtomb.o)
                0x0000000002015930                _wcrtomb_r
                0x00000000020159cc                wcrtomb
 .text          0x0000000002015aa4       0x8c c:/altera/15.0/nios2eds/bin/gnu/h-x86_64-mingw32/bin/../lib/gcc/nios2-elf/4.9.1/../../../../../H-x86_64-mingw32/nios2-elf/lib\libc.a(lib_a-wctomb_r.o)
                0x0000000002015aa4                __ascii_wctomb
                0x0000000002015ad4                _wctomb_r
 .text          0x0000000002015b30      0x5c0 c:/altera/15.0/nios2eds/bin/gnu/h-x86_64-mingw32/bin/../lib/gcc/nios2-elf/4.9.1\libgcc.a(_udivdi3.o)
                0x0000000002015b30                __udivdi3
 .text          0x00000000020160f0      0x590 c:/altera/15.0/nios2eds/bin/gnu/h-x86_64-mingw32/bin/../lib/gcc/nios2-elf/4.9.1\libgcc.a(_umoddi3.o)
                0x00000000020160f0                __umoddi3
 .text          0x0000000002016680       0x84 c:/altera/15.0/nios2eds/bin/gnu/h-x86_64-mingw32/bin/../lib/gcc/nios2-elf/4.9.1\libgcc.a(eqdf2.o)
                0x0000000002016680                __nedf2
                0x0000000002016680                __eqdf2
 .text          0x0000000002016704       0xa4 c:/altera/15.0/nios2eds/bin/gnu/h-x86_64-mingw32/bin/../lib/gcc/nios2-elf/4.9.1\libgcc.a(floatunsidf.o)
                0x0000000002016704                __floatunsidf
 .text          0x00000000020167a8      0x140 ../FinalVersion_bsp/\libhal_bsp.a(alt_alarm_start.o)
                0x00000000020167a8                alt_alarm_start
 .text          0x00000000020168e8      0x120 ../FinalVersion_bsp/\libhal_bsp.a(alt_close.o)
                0x0000000002016938                close
 .text          0x0000000002016a08       0x2c ../FinalVersion_bsp/\libhal_bsp.a(alt_dev.o)
 .text          0x0000000002016a34        0x0 ../FinalVersion_bsp/\libhal_bsp.a(alt_errno.o)
 .text          0x0000000002016a34      0x100 ../FinalVersion_bsp/\libhal_bsp.a(alt_fstat.o)
                0x0000000002016a84                fstat
 .text          0x0000000002016b34      0x1e0 ../FinalVersion_bsp/\libhal_bsp.a(alt_iic.o)
                0x0000000002016b34                alt_ic_isr_register
                0x0000000002016b84                alt_ic_irq_enable
                0x0000000002016c24                alt_ic_irq_disable
                0x0000000002016cc8                alt_ic_irq_enabled
 .text          0x0000000002016d14       0xf0 ../FinalVersion_bsp/\libhal_bsp.a(alt_iic_isr_register.o)
                0x0000000002016d14                alt_iic_isr_register
 .text          0x0000000002016e04        0x0 ../FinalVersion_bsp/\libhal_bsp.a(alt_irq_entry.o)
 .text          0x0000000002016e04        0x0 ../FinalVersion_bsp/\libhal_bsp.a(alt_irq_handler.o)
 .text          0x0000000002016e04        0x0 ../FinalVersion_bsp/\libhal_bsp.a(alt_irq_vars.o)
 .text          0x0000000002016e04       0xf4 ../FinalVersion_bsp/\libhal_bsp.a(alt_isatty.o)
                0x0000000002016e54                isatty
 .text          0x0000000002016ef8       0xe4 ../FinalVersion_bsp/\libhal_bsp.a(alt_load.o)
                0x0000000002016f5c                alt_load
 .text          0x0000000002016fdc      0x124 ../FinalVersion_bsp/\libhal_bsp.a(alt_lseek.o)
                0x000000000201702c                lseek
 .text          0x0000000002017100       0x78 ../FinalVersion_bsp/\libhal_bsp.a(alt_main.o)
                0x0000000002017100                alt_main
 .text          0x0000000002017178       0x40 ../FinalVersion_bsp/\libhal_bsp.a(alt_malloc_lock.o)
                0x0000000002017178                __malloc_lock
                0x0000000002017198                __malloc_unlock
 .text          0x00000000020171b8      0x14c ../FinalVersion_bsp/\libhal_bsp.a(alt_read.o)
                0x0000000002017208                read
 .text          0x0000000002017304       0x60 ../FinalVersion_bsp/\libhal_bsp.a(alt_release_fd.o)
                0x0000000002017304                alt_release_fd
 .text          0x0000000002017364       0xb0 ../FinalVersion_bsp/\libhal_bsp.a(alt_sbrk.o)
                0x0000000002017364                sbrk
 .text          0x0000000002017414      0x19c ../FinalVersion_bsp/\libhal_bsp.a(alt_tick.o)
                0x0000000002017414                alt_alarm_stop
                0x00000000020174ac                alt_tick
 .text          0x00000000020175b0       0x30 ../FinalVersion_bsp/\libhal_bsp.a(alt_usleep.o)
                0x00000000020175b0                usleep
 .text          0x00000000020175e0      0x148 ../FinalVersion_bsp/\libhal_bsp.a(alt_write.o)
                0x0000000002017630                write
 .text          0x0000000002017728       0xdc ../FinalVersion_bsp/\libhal_bsp.a(alt_sys_init.o)
                0x0000000002017760                alt_irq_init
                0x0000000002017794                alt_sys_init
 .text          0x0000000002017804      0xaf8 ../FinalVersion_bsp/\libhal_bsp.a(altera_avalon_epcs_flash_controller.o)
                0x000000000201783c                alt_epcs_flash_init
                0x0000000002017d70                alt_epcs_flash_write
                0x0000000002017fd0                alt_epcs_flash_get_info
                0x00000000020180f0                alt_epcs_flash_erase_block
                0x0000000002018164                alt_epcs_flash_write_block
                0x0000000002018264                alt_epcs_flash_read
 .text          0x00000000020182fc      0x164 ../FinalVersion_bsp/\libhal_bsp.a(altera_avalon_jtag_uart_fd.o)
                0x00000000020182fc                altera_avalon_jtag_uart_read_fd
                0x000000000201835c                altera_avalon_jtag_uart_write_fd
                0x00000000020183bc                altera_avalon_jtag_uart_close_fd
                0x000000000201840c                altera_avalon_jtag_uart_ioctl_fd
 .text          0x0000000002018460      0x3d8 ../FinalVersion_bsp/\libhal_bsp.a(altera_avalon_jtag_uart_init.o)
                0x0000000002018460                altera_avalon_jtag_uart_init
                0x00000000020187d0                altera_avalon_jtag_uart_close
 .text          0x0000000002018838       0xec ../FinalVersion_bsp/\libhal_bsp.a(altera_avalon_jtag_uart_ioctl.o)
                0x0000000002018838                altera_avalon_jtag_uart_ioctl
 .text          0x0000000002018924      0x20c ../FinalVersion_bsp/\libhal_bsp.a(altera_avalon_jtag_uart_read.o)
                0x0000000002018924                altera_avalon_jtag_uart_read
 .text          0x0000000002018b30      0x218 ../FinalVersion_bsp/\libhal_bsp.a(altera_avalon_jtag_uart_write.o)
                0x0000000002018b30                altera_avalon_jtag_uart_write
 .text          0x0000000002018d48      0x204 ../FinalVersion_bsp/\libhal_bsp.a(altera_avalon_spi.o)
                0x0000000002018d48                alt_avalon_spi_command
 .text          0x0000000002018f4c       0xfc ../FinalVersion_bsp/\libhal_bsp.a(altera_avalon_timer_sc.o)
                0x0000000002018fc0                alt_avalon_timer_sc_init
 .text          0x0000000002019048      0x62c ../FinalVersion_bsp/\libhal_bsp.a(epcs_commands.o)
                0x0000000002019048                epcs_read_status_register
                0x0000000002019114                epcs_sector_erase
                0x000000000201920c                epcs_read_buffer
                0x0000000002019300                epcs_write_enable
                0x0000000002019350                epcs_write_status_register
                0x00000000020193b8                epcs_write_buffer
                0x00000000020194d4                epcs_read_electronic_signature
                0x000000000201953c                epcs_read_device_id
                0x00000000020195bc                epcs_enter_4_bytes_mode
                0x0000000002019618                epcs_exit_4_bytes_mode
 .text          0x0000000002019674      0x158 ../FinalVersion_bsp/\libhal_bsp.a(alt_busy_sleep.o)
                0x0000000002019674                alt_busy_sleep
 .text          0x00000000020197cc       0x44 ../FinalVersion_bsp/\libhal_bsp.a(alt_dcache_flush_all.o)
                0x00000000020197cc                alt_dcache_flush_all
 .text          0x0000000002019810       0xf4 ../FinalVersion_bsp/\libhal_bsp.a(alt_dev_llist_insert.o)
                0x0000000002019860                alt_dev_llist_insert
 .text          0x0000000002019904       0x5c ../FinalVersion_bsp/\libhal_bsp.a(alt_do_ctors.o)
                0x0000000002019904                _do_ctors
 .text          0x0000000002019960       0x5c ../FinalVersion_bsp/\libhal_bsp.a(alt_do_dtors.o)
                0x0000000002019960                _do_dtors
 .text          0x00000000020199bc        0x0 ../FinalVersion_bsp/\libhal_bsp.a(alt_exception_entry.o)
 .text          0x00000000020199bc       0xb8 ../FinalVersion_bsp/\libhal_bsp.a(alt_flash_dev.o)
                0x00000000020199bc                alt_flash_open_dev
                0x0000000002019a24                alt_flash_close_dev
 .text          0x0000000002019a74       0x30 ../FinalVersion_bsp/\libhal_bsp.a(alt_icache_flush_all.o)
                0x0000000002019a74                alt_icache_flush_all
 .text          0x0000000002019aa4      0x138 ../FinalVersion_bsp/\libhal_bsp.a(alt_io_redirect.o)
                0x0000000002019b64                alt_io_redirect
 .text          0x0000000002019bdc      0x274 ../FinalVersion_bsp/\libhal_bsp.a(alt_open.o)
                0x0000000002019cf8                open
 .text          0x0000000002019e50       0x20 ../FinalVersion_bsp/\libhal_bsp.a(altera_nios2_gen2_irq.o)
                0x0000000002019e50                altera_nios2_gen2_irq_init
 .text          0x0000000002019e70       0x90 ../FinalVersion_bsp/\libhal_bsp.a(alt_find_dev.o)
                0x0000000002019e70                alt_find_dev
 .text          0x0000000002019f00      0x114 ../FinalVersion_bsp/\libhal_bsp.a(alt_find_file.o)
                0x0000000002019f00                alt_find_file
 .text          0x000000000201a014       0xb4 ../FinalVersion_bsp/\libhal_bsp.a(alt_get_fd.o)
                0x000000000201a014                alt_get_fd
 .text          0x000000000201a0c8       0x8c ../FinalVersion_bsp/\libhal_bsp.a(alt_icache_flush.o)
                0x000000000201a0c8                alt_icache_flush
 .text          0x000000000201a154       0x14 c:/altera/15.0/nios2eds/bin/gnu/h-x86_64-mingw32/bin/../lib/gcc/nios2-elf/4.9.1/../../../../../H-x86_64-mingw32/nios2-elf/lib\libc.a(lib_a-atexit.o)
                0x000000000201a154                atexit
 .text          0x000000000201a168       0x38 c:/altera/15.0/nios2eds/bin/gnu/h-x86_64-mingw32/bin/../lib/gcc/nios2-elf/4.9.1/../../../../../H-x86_64-mingw32/nios2-elf/lib\libc.a(lib_a-exit.o)
                0x000000000201a168                exit
 .text          0x000000000201a1a0       0x7c c:/altera/15.0/nios2eds/bin/gnu/h-x86_64-mingw32/bin/../lib/gcc/nios2-elf/4.9.1/../../../../../H-x86_64-mingw32/nios2-elf/lib\libc.a(lib_a-memcmp.o)
                0x000000000201a1a0                memcmp
 .text          0x000000000201a21c      0x114 c:/altera/15.0/nios2eds/bin/gnu/h-x86_64-mingw32/bin/../lib/gcc/nios2-elf/4.9.1/../../../../../H-x86_64-mingw32/nios2-elf/lib\libc.a(lib_a-__atexit.o)
                0x000000000201a21c                __register_exitproc
 .text          0x000000000201a330      0x194 c:/altera/15.0/nios2eds/bin/gnu/h-x86_64-mingw32/bin/../lib/gcc/nios2-elf/4.9.1/../../../../../H-x86_64-mingw32/nios2-elf/lib\libc.a(lib_a-__call_atexit.o)
                0x000000000201a330                __call_exitprocs
 .text          0x000000000201a4c4       0x34 ../FinalVersion_bsp/\libhal_bsp.a(alt_exit.o)
                0x000000000201a4c4                _exit
 *(.gnu.warning.*)
 *(.fini)
                0x000000000201a4f8                PROVIDE (__etext, ABSOLUTE (.))
                0x000000000201a4f8                PROVIDE (_etext, ABSOLUTE (.))
                0x000000000201a4f8                PROVIDE (etext, ABSOLUTE (.))
 *(.eh_frame_hdr)
                0x000000000201a4f8                . = ALIGN (0x4)
                0x000000000201a4f8                PROVIDE (__preinit_array_start, ABSOLUTE (.))
 *(.preinit_array)
                0x000000000201a4f8                PROVIDE (__preinit_array_end, ABSOLUTE (.))
                0x000000000201a4f8                PROVIDE (__init_array_start, ABSOLUTE (.))
 *(.init_array)
                0x000000000201a4f8                PROVIDE (__init_array_end, ABSOLUTE (.))
                0x000000000201a4f8                PROVIDE (__fini_array_start, ABSOLUTE (.))
 *(.fini_array)
                0x000000000201a4f8                PROVIDE (__fini_array_end, ABSOLUTE (.))
 *(.eh_frame)
 *(.gcc_except_table .gcc_except_table.*)
 *(.dynamic)
                0x000000000201a4f8                PROVIDE (__CTOR_LIST__, ABSOLUTE (.))
 *(.ctors)
 *(SORT(.ctors.*))
                0x000000000201a4f8                PROVIDE (__CTOR_END__, ABSOLUTE (.))
                0x000000000201a4f8                PROVIDE (__DTOR_LIST__, ABSOLUTE (.))
 *(.dtors)
 *(SORT(.dtors.*))
                0x000000000201a4f8                PROVIDE (__DTOR_END__, ABSOLUTE (.))
 *(.jcr)
                0x000000000201a4f8                . = ALIGN (0x4)

.rodata         0x000000000201a4f8    0x1a244
                0x000000000201a4f8                PROVIDE (__ram_rodata_start, ABSOLUTE (.))
                0x000000000201a4f8                . = ALIGN (0x4)
 *(.rodata .rodata.* .gnu.linkonce.r.*)
 .rodata        0x000000000201a4f8       0x2c obj/default/demo/gui.o
 .rodata        0x000000000201a524       0x34 obj/default/demo/gui_vpg.o
 .rodata        0x000000000201a558     0x77f2 obj/default/fonts/tahomabold_20.o
 .rodata        0x0000000002021d4a    0x12520 obj/default/fonts/tahomabold_32.o
 *fill*         0x000000000203426a        0x2 
 .rodata        0x000000000203426c       0x58 obj/default/graphic_lib/simple_graphics.o
 .rodata        0x00000000020342c4       0x28 obj/default/graphic_lib/simple_text.o
 .rodata        0x00000000020342ec       0x40 obj/default/main.o
 .rodata        0x000000000203432c       0xb0 obj/default/thats_my_gui.o
 .rodata.str1.4
                0x00000000020343dc        0x5 c:/altera/15.0/nios2eds/bin/gnu/h-x86_64-mingw32/bin/../lib/gcc/nios2-elf/4.9.1/../../../../../H-x86_64-mingw32/nios2-elf/lib\libm.a(lib_a-w_sqrt.o)
                                          0x8 (size before relaxing)
 .rodata        0x00000000020343e1      0x100 c:/altera/15.0/nios2eds/bin/gnu/h-x86_64-mingw32/bin/../lib/gcc/nios2-elf/4.9.1\libgcc.a(_clz.o)
                0x00000000020343e1                __clz_tab
 *fill*         0x00000000020344e1        0x3 
 .rodata.str1.4
                0x00000000020344e4        0x2 c:/altera/15.0/nios2eds/bin/gnu/h-x86_64-mingw32/bin/../lib/gcc/nios2-elf/4.9.1/../../../../../H-x86_64-mingw32/nios2-elf/lib\libc.a(lib_a-impure.o)
                                          0x4 (size before relaxing)
 *fill*         0x00000000020344e6        0x2 
 .rodata.str1.4
                0x00000000020344e8        0x2 c:/altera/15.0/nios2eds/bin/gnu/h-x86_64-mingw32/bin/../lib/gcc/nios2-elf/4.9.1/../../../../../H-x86_64-mingw32/nios2-elf/lib\libc.a(lib_a-puts.o)
                                          0x4 (size before relaxing)
 *fill*         0x00000000020344ea        0x2 
 .rodata.str1.4
                0x00000000020344ec       0x42 c:/altera/15.0/nios2eds/bin/gnu/h-x86_64-mingw32/bin/../lib/gcc/nios2-elf/4.9.1/../../../../../H-x86_64-mingw32/nios2-elf/lib\libc.a(lib_a-svfprintf.o)
                                         0x44 (size before relaxing)
 .rodata        0x000000000203452e       0x20 c:/altera/15.0/nios2eds/bin/gnu/h-x86_64-mingw32/bin/../lib/gcc/nios2-elf/4.9.1/../../../../../H-x86_64-mingw32/nios2-elf/lib\libc.a(lib_a-svfprintf.o)
 .rodata.str1.4
                0x0000000000000000       0x44 c:/altera/15.0/nios2eds/bin/gnu/h-x86_64-mingw32/bin/../lib/gcc/nios2-elf/4.9.1/../../../../../H-x86_64-mingw32/nios2-elf/lib\libc.a(lib_a-vfprintf.o)
 .rodata        0x000000000203454e       0x20 c:/altera/15.0/nios2eds/bin/gnu/h-x86_64-mingw32/bin/../lib/gcc/nios2-elf/4.9.1/../../../../../H-x86_64-mingw32/nios2-elf/lib\libc.a(lib_a-vfprintf.o)
 *fill*         0x000000000203456e        0x2 
 .rodata.str1.4
                0x0000000002034570       0x10 c:/altera/15.0/nios2eds/bin/gnu/h-x86_64-mingw32/bin/../lib/gcc/nios2-elf/4.9.1/../../../../../H-x86_64-mingw32/nios2-elf/lib\libc.a(lib_a-dtoa.o)
                                         0x14 (size before relaxing)
 .rodata.str1.4
                0x0000000002034580        0xc c:/altera/15.0/nios2eds/bin/gnu/h-x86_64-mingw32/bin/../lib/gcc/nios2-elf/4.9.1/../../../../../H-x86_64-mingw32/nios2-elf/lib\libc.a(lib_a-locale.o)
                                         0x14 (size before relaxing)
 .rodata        0x000000000203458c      0x124 c:/altera/15.0/nios2eds/bin/gnu/h-x86_64-mingw32/bin/../lib/gcc/nios2-elf/4.9.1/../../../../../H-x86_64-mingw32/nios2-elf/lib\libc.a(lib_a-mprec.o)
                0x0000000002034598                __mprec_tinytens
                0x00000000020345c0                __mprec_bigtens
                0x00000000020345e8                __mprec_tens
 .rodata.str1.4
                0x0000000000000000       0x30 c:/altera/15.0/nios2eds/bin/gnu/h-x86_64-mingw32/bin/../lib/gcc/nios2-elf/4.9.1/../../../../../H-x86_64-mingw32/nios2-elf/lib\libc.a(lib_a-svfiprintf.o)
 .rodata        0x00000000020346b0       0x20 c:/altera/15.0/nios2eds/bin/gnu/h-x86_64-mingw32/bin/../lib/gcc/nios2-elf/4.9.1/../../../../../H-x86_64-mingw32/nios2-elf/lib\libc.a(lib_a-svfiprintf.o)
 .rodata.str1.4
                0x0000000000000000       0x30 c:/altera/15.0/nios2eds/bin/gnu/h-x86_64-mingw32/bin/../lib/gcc/nios2-elf/4.9.1/../../../../../H-x86_64-mingw32/nios2-elf/lib\libc.a(lib_a-vfiprintf.o)
 .rodata        0x00000000020346d0       0x20 c:/altera/15.0/nios2eds/bin/gnu/h-x86_64-mingw32/bin/../lib/gcc/nios2-elf/4.9.1/../../../../../H-x86_64-mingw32/nios2-elf/lib\libc.a(lib_a-vfiprintf.o)
 .rodata        0x00000000020346f0        0xc ../FinalVersion_bsp/\libhal_bsp.a(alt_dev.o)
 .rodata        0x00000000020346fc       0x10 ../FinalVersion_bsp/\libhal_bsp.a(alt_main.o)
 .rodata        0x000000000203470c       0x30 ../FinalVersion_bsp/\libhal_bsp.a(alt_sys_init.o)
 *(.rodata1)
                0x000000000203473c                . = ALIGN (0x4)
                0x000000000203473c                PROVIDE (__ram_rodata_end, ABSOLUTE (.))
                0x000000000201a4f8                PROVIDE (__flash_rodata_start, LOADADDR (.rodata))

.rwdata         0x000000000203473c     0x3778 load address 0x0000000002037eb4
                0x000000000203473c                PROVIDE (__ram_rwdata_start, ABSOLUTE (.))
                0x000000000203473c                . = ALIGN (0x4)
 *(.got.plt)
 *(.got)
 *(.data1)
 *(.data .data.* .gnu.linkonce.d.*)
 .data          0x000000000203473c        0x0 ../FinalVersion_bsp//obj/HAL/src/crt0.o
 .data          0x000000000203473c       0x14 obj/default/demo/gui.o
                0x000000000203473c                szPallete
 .data          0x0000000002034750        0x0 obj/default/demo/gui_vpg.o
 .data          0x0000000002034750      0xbc0 obj/default/fonts/tahomabold_20.o
                0x0000000002034750                tahomabold_20
 .data          0x0000000002035310      0xbc0 obj/default/fonts/tahomabold_32.o
                0x0000000002035310                tahomabold_32
 .data          0x0000000002035ed0        0x0 obj/default/graphic_lib/ILI9341.o
 .data          0x0000000002035ed0        0x0 obj/default/graphic_lib/geometry.o
 .data          0x0000000002035ed0      0x415 obj/default/graphic_lib/simple_graphics.o
                0x0000000002035ed0                cour10_font_array
 .data          0x00000000020362e5        0x0 obj/default/graphic_lib/simple_text.o
 .data          0x00000000020362e5        0x0 obj/default/main.o
 .data          0x00000000020362e5        0x0 obj/default/terasic_lib/touch_spi.o
 .data          0x00000000020362e5        0x0 obj/default/thats_my_gui.o
 .data          0x00000000020362e5        0x0 c:/altera/15.0/nios2eds/bin/gnu/h-x86_64-mingw32/bin/../lib/gcc/nios2-elf/4.9.1/../../../../../H-x86_64-mingw32/nios2-elf/lib\libm.a(lib_a-w_sqrt.o)
 .data          0x00000000020362e5        0x0 c:/altera/15.0/nios2eds/bin/gnu/h-x86_64-mingw32/bin/../lib/gcc/nios2-elf/4.9.1/../../../../../H-x86_64-mingw32/nios2-elf/lib\libm.a(lib_a-e_sqrt.o)
 .data          0x00000000020362e5        0x0 c:/altera/15.0/nios2eds/bin/gnu/h-x86_64-mingw32/bin/../lib/gcc/nios2-elf/4.9.1/../../../../../H-x86_64-mingw32/nios2-elf/lib\libm.a(lib_a-s_fpclassify.o)
 .data          0x00000000020362e5        0x0 c:/altera/15.0/nios2eds/bin/gnu/h-x86_64-mingw32/bin/../lib/gcc/nios2-elf/4.9.1/../../../../../H-x86_64-mingw32/nios2-elf/lib\libm.a(lib_a-s_lib_ver.o)
 .data          0x00000000020362e5        0x0 c:/altera/15.0/nios2eds/bin/gnu/h-x86_64-mingw32/bin/../lib/gcc/nios2-elf/4.9.1/../../../../../H-x86_64-mingw32/nios2-elf/lib\libm.a(lib_a-s_matherr.o)
 .data          0x00000000020362e5        0x0 c:/altera/15.0/nios2eds/bin/gnu/h-x86_64-mingw32/bin/../lib/gcc/nios2-elf/4.9.1\libgcc.a(lib2-divmod.o)
 .data          0x00000000020362e5        0x0 c:/altera/15.0/nios2eds/bin/gnu/h-x86_64-mingw32/bin/../lib/gcc/nios2-elf/4.9.1\libgcc.a(adddf3.o)
 .data          0x00000000020362e5        0x0 c:/altera/15.0/nios2eds/bin/gnu/h-x86_64-mingw32/bin/../lib/gcc/nios2-elf/4.9.1\libgcc.a(divdf3.o)
 .data          0x00000000020362e5        0x0 c:/altera/15.0/nios2eds/bin/gnu/h-x86_64-mingw32/bin/../lib/gcc/nios2-elf/4.9.1\libgcc.a(gedf2.o)
 .data          0x00000000020362e5        0x0 c:/altera/15.0/nios2eds/bin/gnu/h-x86_64-mingw32/bin/../lib/gcc/nios2-elf/4.9.1\libgcc.a(ledf2.o)
 .data          0x00000000020362e5        0x0 c:/altera/15.0/nios2eds/bin/gnu/h-x86_64-mingw32/bin/../lib/gcc/nios2-elf/4.9.1\libgcc.a(muldf3.o)
 .data          0x00000000020362e5        0x0 c:/altera/15.0/nios2eds/bin/gnu/h-x86_64-mingw32/bin/../lib/gcc/nios2-elf/4.9.1\libgcc.a(subdf3.o)
 .data          0x00000000020362e5        0x0 c:/altera/15.0/nios2eds/bin/gnu/h-x86_64-mingw32/bin/../lib/gcc/nios2-elf/4.9.1\libgcc.a(fixdfsi.o)
 .data          0x00000000020362e5        0x0 c:/altera/15.0/nios2eds/bin/gnu/h-x86_64-mingw32/bin/../lib/gcc/nios2-elf/4.9.1\libgcc.a(floatsidf.o)
 .data          0x00000000020362e5        0x0 c:/altera/15.0/nios2eds/bin/gnu/h-x86_64-mingw32/bin/../lib/gcc/nios2-elf/4.9.1\libgcc.a(_clzsi2.o)
 .data          0x00000000020362e5        0x0 c:/altera/15.0/nios2eds/bin/gnu/h-x86_64-mingw32/bin/../lib/gcc/nios2-elf/4.9.1\libgcc.a(_clz.o)
 .data          0x00000000020362e5        0x0 c:/altera/15.0/nios2eds/bin/gnu/h-x86_64-mingw32/bin/../lib/gcc/nios2-elf/4.9.1/../../../../../H-x86_64-mingw32/nios2-elf/lib\libc.a(lib_a-errno.o)
 *fill*         0x00000000020362e5        0x3 
 .data          0x00000000020362e8      0x424 c:/altera/15.0/nios2eds/bin/gnu/h-x86_64-mingw32/bin/../lib/gcc/nios2-elf/4.9.1/../../../../../H-x86_64-mingw32/nios2-elf/lib\libc.a(lib_a-impure.o)
 .data          0x000000000203670c        0x0 c:/altera/15.0/nios2eds/bin/gnu/h-x86_64-mingw32/bin/../lib/gcc/nios2-elf/4.9.1/../../../../../H-x86_64-mingw32/nios2-elf/lib\libc.a(lib_a-malloc.o)
 .data          0x000000000203670c      0x408 c:/altera/15.0/nios2eds/bin/gnu/h-x86_64-mingw32/bin/../lib/gcc/nios2-elf/4.9.1/../../../../../H-x86_64-mingw32/nios2-elf/lib\libc.a(lib_a-mallocr.o)
                0x000000000203670c                __malloc_av_
 .data          0x0000000002036b14        0x0 c:/altera/15.0/nios2eds/bin/gnu/h-x86_64-mingw32/bin/../lib/gcc/nios2-elf/4.9.1/../../../../../H-x86_64-mingw32/nios2-elf/lib\libc.a(lib_a-memcpy.o)
 .data          0x0000000002036b14        0x0 c:/altera/15.0/nios2eds/bin/gnu/h-x86_64-mingw32/bin/../lib/gcc/nios2-elf/4.9.1/../../../../../H-x86_64-mingw32/nios2-elf/lib\libc.a(lib_a-memset.o)
 .data          0x0000000002036b14        0x0 c:/altera/15.0/nios2eds/bin/gnu/h-x86_64-mingw32/bin/../lib/gcc/nios2-elf/4.9.1/../../../../../H-x86_64-mingw32/nios2-elf/lib\libc.a(lib_a-printf.o)
 .data          0x0000000002036b14        0x0 c:/altera/15.0/nios2eds/bin/gnu/h-x86_64-mingw32/bin/../lib/gcc/nios2-elf/4.9.1/../../../../../H-x86_64-mingw32/nios2-elf/lib\libc.a(lib_a-puts.o)
 .data          0x0000000002036b14        0x0 c:/altera/15.0/nios2eds/bin/gnu/h-x86_64-mingw32/bin/../lib/gcc/nios2-elf/4.9.1/../../../../../H-x86_64-mingw32/nios2-elf/lib\libc.a(lib_a-sbrkr.o)
 .data          0x0000000002036b14        0x0 c:/altera/15.0/nios2eds/bin/gnu/h-x86_64-mingw32/bin/../lib/gcc/nios2-elf/4.9.1/../../../../../H-x86_64-mingw32/nios2-elf/lib\libc.a(lib_a-sprintf.o)
 .data          0x0000000002036b14        0x0 c:/altera/15.0/nios2eds/bin/gnu/h-x86_64-mingw32/bin/../lib/gcc/nios2-elf/4.9.1/../../../../../H-x86_64-mingw32/nios2-elf/lib\libc.a(lib_a-strcpy.o)
 .data          0x0000000002036b14        0x0 c:/altera/15.0/nios2eds/bin/gnu/h-x86_64-mingw32/bin/../lib/gcc/nios2-elf/4.9.1/../../../../../H-x86_64-mingw32/nios2-elf/lib\libc.a(lib_a-strlen.o)
 .data          0x0000000002036b14        0x0 c:/altera/15.0/nios2eds/bin/gnu/h-x86_64-mingw32/bin/../lib/gcc/nios2-elf/4.9.1/../../../../../H-x86_64-mingw32/nios2-elf/lib\libc.a(lib_a-svfprintf.o)
 .data          0x0000000002036b14        0x0 c:/altera/15.0/nios2eds/bin/gnu/h-x86_64-mingw32/bin/../lib/gcc/nios2-elf/4.9.1/../../../../../H-x86_64-mingw32/nios2-elf/lib\libc.a(lib_a-vfprintf.o)
 .data          0x0000000002036b14        0x0 c:/altera/15.0/nios2eds/bin/gnu/h-x86_64-mingw32/bin/../lib/gcc/nios2-elf/4.9.1/../../../../../H-x86_64-mingw32/nios2-elf/lib\libc.a(lib_a-wsetup.o)
 .data          0x0000000002036b14        0x0 c:/altera/15.0/nios2eds/bin/gnu/h-x86_64-mingw32/bin/../lib/gcc/nios2-elf/4.9.1/../../../../../H-x86_64-mingw32/nios2-elf/lib\libc.a(lib_a-dtoa.o)
 .data          0x0000000002036b14        0x0 c:/altera/15.0/nios2eds/bin/gnu/h-x86_64-mingw32/bin/../lib/gcc/nios2-elf/4.9.1/../../../../../H-x86_64-mingw32/nios2-elf/lib\libc.a(lib_a-fflush.o)
 .data          0x0000000002036b14        0x0 c:/altera/15.0/nios2eds/bin/gnu/h-x86_64-mingw32/bin/../lib/gcc/nios2-elf/4.9.1/../../../../../H-x86_64-mingw32/nios2-elf/lib\libc.a(lib_a-findfp.o)
 .data          0x0000000002036b14        0x0 c:/altera/15.0/nios2eds/bin/gnu/h-x86_64-mingw32/bin/../lib/gcc/nios2-elf/4.9.1/../../../../../H-x86_64-mingw32/nios2-elf/lib\libc.a(lib_a-freer.o)
 .data          0x0000000002036b14        0x0 c:/altera/15.0/nios2eds/bin/gnu/h-x86_64-mingw32/bin/../lib/gcc/nios2-elf/4.9.1/../../../../../H-x86_64-mingw32/nios2-elf/lib\libc.a(lib_a-fvwrite.o)
 .data          0x0000000002036b14        0x0 c:/altera/15.0/nios2eds/bin/gnu/h-x86_64-mingw32/bin/../lib/gcc/nios2-elf/4.9.1/../../../../../H-x86_64-mingw32/nios2-elf/lib\libc.a(lib_a-fwalk.o)
 .data          0x0000000002036b14        0x0 c:/altera/15.0/nios2eds/bin/gnu/h-x86_64-mingw32/bin/../lib/gcc/nios2-elf/4.9.1/../../../../../H-x86_64-mingw32/nios2-elf/lib\libc.a(lib_a-int_errno.o)
 .data          0x0000000002036b14       0x78 c:/altera/15.0/nios2eds/bin/gnu/h-x86_64-mingw32/bin/../lib/gcc/nios2-elf/4.9.1/../../../../../H-x86_64-mingw32/nios2-elf/lib\libc.a(lib_a-locale.o)
 .data          0x0000000002036b8c        0x0 c:/altera/15.0/nios2eds/bin/gnu/h-x86_64-mingw32/bin/../lib/gcc/nios2-elf/4.9.1/../../../../../H-x86_64-mingw32/nios2-elf/lib\libc.a(lib_a-makebuf.o)
 .data          0x0000000002036b8c        0x0 c:/altera/15.0/nios2eds/bin/gnu/h-x86_64-mingw32/bin/../lib/gcc/nios2-elf/4.9.1/../../../../../H-x86_64-mingw32/nios2-elf/lib\libc.a(lib_a-memchr.o)
 .data          0x0000000002036b8c        0x0 c:/altera/15.0/nios2eds/bin/gnu/h-x86_64-mingw32/bin/../lib/gcc/nios2-elf/4.9.1/../../../../../H-x86_64-mingw32/nios2-elf/lib\libc.a(lib_a-memmove.o)
 .data          0x0000000002036b8c        0x0 c:/altera/15.0/nios2eds/bin/gnu/h-x86_64-mingw32/bin/../lib/gcc/nios2-elf/4.9.1/../../../../../H-x86_64-mingw32/nios2-elf/lib\libc.a(lib_a-mprec.o)
 .data          0x0000000002036b8c        0x0 c:/altera/15.0/nios2eds/bin/gnu/h-x86_64-mingw32/bin/../lib/gcc/nios2-elf/4.9.1/../../../../../H-x86_64-mingw32/nios2-elf/lib\libc.a(lib_a-reallocr.o)
 .data          0x0000000002036b8c        0x0 c:/altera/15.0/nios2eds/bin/gnu/h-x86_64-mingw32/bin/../lib/gcc/nios2-elf/4.9.1/../../../../../H-x86_64-mingw32/nios2-elf/lib\libc.a(lib_a-stdio.o)
 .data          0x0000000002036b8c        0x0 c:/altera/15.0/nios2eds/bin/gnu/h-x86_64-mingw32/bin/../lib/gcc/nios2-elf/4.9.1/../../../../../H-x86_64-mingw32/nios2-elf/lib\libc.a(lib_a-strcmp.o)
 .data          0x0000000002036b8c        0x0 c:/altera/15.0/nios2eds/bin/gnu/h-x86_64-mingw32/bin/../lib/gcc/nios2-elf/4.9.1/../../../../../H-x86_64-mingw32/nios2-elf/lib\libc.a(lib_a-svfiprintf.o)
 .data          0x0000000002036b8c        0x0 c:/altera/15.0/nios2eds/bin/gnu/h-x86_64-mingw32/bin/../lib/gcc/nios2-elf/4.9.1/../../../../../H-x86_64-mingw32/nios2-elf/lib\libc.a(lib_a-vfiprintf.o)
 .data          0x0000000002036b8c        0x0 c:/altera/15.0/nios2eds/bin/gnu/h-x86_64-mingw32/bin/../lib/gcc/nios2-elf/4.9.1/../../../../../H-x86_64-mingw32/nios2-elf/lib\libc.a(lib_a-writer.o)
 .data          0x0000000002036b8c        0x0 c:/altera/15.0/nios2eds/bin/gnu/h-x86_64-mingw32/bin/../lib/gcc/nios2-elf/4.9.1/../../../../../H-x86_64-mingw32/nios2-elf/lib\libc.a(closer.o)
 .data          0x0000000002036b8c        0x0 c:/altera/15.0/nios2eds/bin/gnu/h-x86_64-mingw32/bin/../lib/gcc/nios2-elf/4.9.1/../../../../../H-x86_64-mingw32/nios2-elf/lib\libc.a(lib_a-callocr.o)
 .data          0x0000000002036b8c        0x0 c:/altera/15.0/nios2eds/bin/gnu/h-x86_64-mingw32/bin/../lib/gcc/nios2-elf/4.9.1/../../../../../H-x86_64-mingw32/nios2-elf/lib\libc.a(lib_a-fclose.o)
 .data          0x0000000002036b8c        0x0 c:/altera/15.0/nios2eds/bin/gnu/h-x86_64-mingw32/bin/../lib/gcc/nios2-elf/4.9.1/../../../../../H-x86_64-mingw32/nios2-elf/lib\libc.a(lib_a-fputwc.o)
 .data          0x0000000002036b8c        0x0 c:/altera/15.0/nios2eds/bin/gnu/h-x86_64-mingw32/bin/../lib/gcc/nios2-elf/4.9.1/../../../../../H-x86_64-mingw32/nios2-elf/lib\libc.a(lib_a-fstatr.o)
 .data          0x0000000002036b8c        0x0 c:/altera/15.0/nios2eds/bin/gnu/h-x86_64-mingw32/bin/../lib/gcc/nios2-elf/4.9.1/../../../../../H-x86_64-mingw32/nios2-elf/lib\libc.a(lib_a-isattyr.o)
 .data          0x0000000002036b8c        0x0 c:/altera/15.0/nios2eds/bin/gnu/h-x86_64-mingw32/bin/../lib/gcc/nios2-elf/4.9.1/../../../../../H-x86_64-mingw32/nios2-elf/lib\libc.a(lib_a-lseekr.o)
 .data          0x0000000002036b8c        0x0 c:/altera/15.0/nios2eds/bin/gnu/h-x86_64-mingw32/bin/../lib/gcc/nios2-elf/4.9.1/../../../../../H-x86_64-mingw32/nios2-elf/lib\libc.a(lib_a-readr.o)
 .data          0x0000000002036b8c        0x0 c:/altera/15.0/nios2eds/bin/gnu/h-x86_64-mingw32/bin/../lib/gcc/nios2-elf/4.9.1/../../../../../H-x86_64-mingw32/nios2-elf/lib\libc.a(lib_a-wbuf.o)
 .data          0x0000000002036b8c        0x0 c:/altera/15.0/nios2eds/bin/gnu/h-x86_64-mingw32/bin/../lib/gcc/nios2-elf/4.9.1/../../../../../H-x86_64-mingw32/nios2-elf/lib\libc.a(lib_a-wcrtomb.o)
 .data          0x0000000002036b8c        0x0 c:/altera/15.0/nios2eds/bin/gnu/h-x86_64-mingw32/bin/../lib/gcc/nios2-elf/4.9.1/../../../../../H-x86_64-mingw32/nios2-elf/lib\libc.a(lib_a-wctomb_r.o)
 .data          0x0000000002036b8c        0x0 c:/altera/15.0/nios2eds/bin/gnu/h-x86_64-mingw32/bin/../lib/gcc/nios2-elf/4.9.1\libgcc.a(_udivdi3.o)
 .data          0x0000000002036b8c        0x0 c:/altera/15.0/nios2eds/bin/gnu/h-x86_64-mingw32/bin/../lib/gcc/nios2-elf/4.9.1\libgcc.a(_umoddi3.o)
 .data          0x0000000002036b8c        0x0 c:/altera/15.0/nios2eds/bin/gnu/h-x86_64-mingw32/bin/../lib/gcc/nios2-elf/4.9.1\libgcc.a(eqdf2.o)
 .data          0x0000000002036b8c        0x0 c:/altera/15.0/nios2eds/bin/gnu/h-x86_64-mingw32/bin/../lib/gcc/nios2-elf/4.9.1\libgcc.a(floatunsidf.o)
 .data          0x0000000002036b8c        0x0 ../FinalVersion_bsp/\libhal_bsp.a(alt_alarm_start.o)
 .data          0x0000000002036b8c        0x0 ../FinalVersion_bsp/\libhal_bsp.a(alt_close.o)
 .data          0x0000000002036b8c      0x1a8 ../FinalVersion_bsp/\libhal_bsp.a(alt_dev.o)
                0x0000000002036b8c                alt_dev_null
                0x0000000002036bb4                alt_fd_list
 .data          0x0000000002036d34        0x0 ../FinalVersion_bsp/\libhal_bsp.a(alt_errno.o)
 .data          0x0000000002036d34        0x0 ../FinalVersion_bsp/\libhal_bsp.a(alt_fstat.o)
 .data          0x0000000002036d34        0x0 ../FinalVersion_bsp/\libhal_bsp.a(alt_iic.o)
 .data          0x0000000002036d34        0x0 ../FinalVersion_bsp/\libhal_bsp.a(alt_iic_isr_register.o)
 .data          0x0000000002036d34        0x0 ../FinalVersion_bsp/\libhal_bsp.a(alt_irq_entry.o)
 .data          0x0000000002036d34        0x0 ../FinalVersion_bsp/\libhal_bsp.a(alt_irq_handler.o)
 .data          0x0000000002036d34        0x0 ../FinalVersion_bsp/\libhal_bsp.a(alt_irq_vars.o)
 .data          0x0000000002036d34        0x0 ../FinalVersion_bsp/\libhal_bsp.a(alt_isatty.o)
 .data          0x0000000002036d34        0x0 ../FinalVersion_bsp/\libhal_bsp.a(alt_load.o)
 .data          0x0000000002036d34        0x0 ../FinalVersion_bsp/\libhal_bsp.a(alt_lseek.o)
 .data          0x0000000002036d34        0x0 ../FinalVersion_bsp/\libhal_bsp.a(alt_main.o)
 .data          0x0000000002036d34        0x0 ../FinalVersion_bsp/\libhal_bsp.a(alt_malloc_lock.o)
 .data          0x0000000002036d34        0x0 ../FinalVersion_bsp/\libhal_bsp.a(alt_read.o)
 .data          0x0000000002036d34        0x0 ../FinalVersion_bsp/\libhal_bsp.a(alt_release_fd.o)
 .data          0x0000000002036d34        0x0 ../FinalVersion_bsp/\libhal_bsp.a(alt_sbrk.o)
 .data          0x0000000002036d34        0x0 ../FinalVersion_bsp/\libhal_bsp.a(alt_tick.o)
 .data          0x0000000002036d34        0x0 ../FinalVersion_bsp/\libhal_bsp.a(alt_usleep.o)
 .data          0x0000000002036d34        0x0 ../FinalVersion_bsp/\libhal_bsp.a(alt_write.o)
 .data          0x0000000002036d34     0x112c ../FinalVersion_bsp/\libhal_bsp.a(alt_sys_init.o)
 .data          0x0000000002037e60        0x0 ../FinalVersion_bsp/\libhal_bsp.a(altera_avalon_epcs_flash_controller.o)
 .data          0x0000000002037e60        0x0 ../FinalVersion_bsp/\libhal_bsp.a(altera_avalon_jtag_uart_fd.o)
 .data          0x0000000002037e60        0x0 ../FinalVersion_bsp/\libhal_bsp.a(altera_avalon_jtag_uart_init.o)
 .data          0x0000000002037e60        0x0 ../FinalVersion_bsp/\libhal_bsp.a(altera_avalon_jtag_uart_ioctl.o)
 .data          0x0000000002037e60        0x0 ../FinalVersion_bsp/\libhal_bsp.a(altera_avalon_jtag_uart_read.o)
 .data          0x0000000002037e60        0x0 ../FinalVersion_bsp/\libhal_bsp.a(altera_avalon_jtag_uart_write.o)
 .data          0x0000000002037e60        0x0 ../FinalVersion_bsp/\libhal_bsp.a(altera_avalon_spi.o)
 .data          0x0000000002037e60        0x0 ../FinalVersion_bsp/\libhal_bsp.a(altera_avalon_timer_sc.o)
 .data          0x0000000002037e60        0x0 ../FinalVersion_bsp/\libhal_bsp.a(epcs_commands.o)
 .data          0x0000000002037e60        0x0 ../FinalVersion_bsp/\libhal_bsp.a(alt_busy_sleep.o)
 .data          0x0000000002037e60        0x0 ../FinalVersion_bsp/\libhal_bsp.a(alt_dcache_flush_all.o)
 .data          0x0000000002037e60        0x0 ../FinalVersion_bsp/\libhal_bsp.a(alt_dev_llist_insert.o)
 .data          0x0000000002037e60        0x0 ../FinalVersion_bsp/\libhal_bsp.a(alt_do_ctors.o)
 .data          0x0000000002037e60        0x0 ../FinalVersion_bsp/\libhal_bsp.a(alt_do_dtors.o)
 .data          0x0000000002037e60        0x0 ../FinalVersion_bsp/\libhal_bsp.a(alt_exception_entry.o)
 .data          0x0000000002037e60        0x0 ../FinalVersion_bsp/\libhal_bsp.a(alt_flash_dev.o)
 .data          0x0000000002037e60        0x0 ../FinalVersion_bsp/\libhal_bsp.a(alt_icache_flush_all.o)
 .data          0x0000000002037e60        0x0 ../FinalVersion_bsp/\libhal_bsp.a(alt_io_redirect.o)
 .data          0x0000000002037e60        0x0 ../FinalVersion_bsp/\libhal_bsp.a(alt_open.o)
 .data          0x0000000002037e60        0x0 ../FinalVersion_bsp/\libhal_bsp.a(altera_nios2_gen2_irq.o)
 .data          0x0000000002037e60        0x0 ../FinalVersion_bsp/\libhal_bsp.a(alt_find_dev.o)
 .data          0x0000000002037e60        0x0 ../FinalVersion_bsp/\libhal_bsp.a(alt_find_file.o)
 .data          0x0000000002037e60        0x0 ../FinalVersion_bsp/\libhal_bsp.a(alt_get_fd.o)
 .data          0x0000000002037e60        0x0 ../FinalVersion_bsp/\libhal_bsp.a(alt_icache_flush.o)
 .data          0x0000000002037e60        0x0 c:/altera/15.0/nios2eds/bin/gnu/h-x86_64-mingw32/bin/../lib/gcc/nios2-elf/4.9.1/../../../../../H-x86_64-mingw32/nios2-elf/lib\libc.a(lib_a-atexit.o)
 .data          0x0000000002037e60        0x0 c:/altera/15.0/nios2eds/bin/gnu/h-x86_64-mingw32/bin/../lib/gcc/nios2-elf/4.9.1/../../../../../H-x86_64-mingw32/nios2-elf/lib\libc.a(lib_a-exit.o)
 .data          0x0000000002037e60        0x0 c:/altera/15.0/nios2eds/bin/gnu/h-x86_64-mingw32/bin/../lib/gcc/nios2-elf/4.9.1/../../../../../H-x86_64-mingw32/nios2-elf/lib\libc.a(lib_a-memcmp.o)
 .data          0x0000000002037e60        0x0 c:/altera/15.0/nios2eds/bin/gnu/h-x86_64-mingw32/bin/../lib/gcc/nios2-elf/4.9.1/../../../../../H-x86_64-mingw32/nios2-elf/lib\libc.a(lib_a-__atexit.o)
 .data          0x0000000002037e60        0x0 c:/altera/15.0/nios2eds/bin/gnu/h-x86_64-mingw32/bin/../lib/gcc/nios2-elf/4.9.1/../../../../../H-x86_64-mingw32/nios2-elf/lib\libc.a(lib_a-__call_atexit.o)
 .data          0x0000000002037e60        0x0 ../FinalVersion_bsp/\libhal_bsp.a(alt_exit.o)
                0x000000000203fe60                _gp = ABSOLUTE ((. + 0x8000))
                0x000000000203fe60                PROVIDE (gp, _gp)
 *(.rwdata .rwdata.*)
 *(.sdata .sdata.* .gnu.linkonce.s.*)
 .sdata         0x0000000002037e60        0x4 obj/default/demo/gui.o
 .sdata         0x0000000002037e64        0x4 obj/default/graphic_lib/simple_graphics.o
                0x0000000002037e64                cour10_font
 .sdata         0x0000000002037e68        0x4 c:/altera/15.0/nios2eds/bin/gnu/h-x86_64-mingw32/bin/../lib/gcc/nios2-elf/4.9.1/../../../../../H-x86_64-mingw32/nios2-elf/lib\libm.a(lib_a-s_lib_ver.o)
                0x0000000002037e68                __fdlib_version
 .sdata         0x0000000002037e6c        0x8 c:/altera/15.0/nios2eds/bin/gnu/h-x86_64-mingw32/bin/../lib/gcc/nios2-elf/4.9.1/../../../../../H-x86_64-mingw32/nios2-elf/lib\libc.a(lib_a-impure.o)
                0x0000000002037e6c                _global_impure_ptr
                0x0000000002037e70                _impure_ptr
 .sdata         0x0000000002037e74        0x8 c:/altera/15.0/nios2eds/bin/gnu/h-x86_64-mingw32/bin/../lib/gcc/nios2-elf/4.9.1/../../../../../H-x86_64-mingw32/nios2-elf/lib\libc.a(lib_a-mallocr.o)
                0x0000000002037e74                __malloc_sbrk_base
                0x0000000002037e78                __malloc_trim_threshold
 .sdata         0x0000000002037e7c        0x4 c:/altera/15.0/nios2eds/bin/gnu/h-x86_64-mingw32/bin/../lib/gcc/nios2-elf/4.9.1/../../../../../H-x86_64-mingw32/nios2-elf/lib\libc.a(lib_a-locale.o)
                0x0000000002037e7c                __mb_cur_max
 .sdata         0x0000000002037e80        0x4 c:/altera/15.0/nios2eds/bin/gnu/h-x86_64-mingw32/bin/../lib/gcc/nios2-elf/4.9.1/../../../../../H-x86_64-mingw32/nios2-elf/lib\libc.a(lib_a-wctomb_r.o)
                0x0000000002037e80                __wctomb
 .sdata         0x0000000002037e84       0x14 ../FinalVersion_bsp/\libhal_bsp.a(alt_dev.o)
                0x0000000002037e84                alt_fs_list
                0x0000000002037e8c                alt_dev_list
                0x0000000002037e94                alt_max_fd
 .sdata         0x0000000002037e98        0x4 ../FinalVersion_bsp/\libhal_bsp.a(alt_errno.o)
                0x0000000002037e98                alt_errno
 .sdata         0x0000000002037e9c        0x4 ../FinalVersion_bsp/\libhal_bsp.a(alt_irq_vars.o)
                0x0000000002037e9c                alt_priority_mask
 .sdata         0x0000000002037ea0        0x4 ../FinalVersion_bsp/\libhal_bsp.a(alt_sbrk.o)
 .sdata         0x0000000002037ea4        0x8 ../FinalVersion_bsp/\libhal_bsp.a(alt_tick.o)
                0x0000000002037ea4                alt_alarm_list
 .sdata         0x0000000002037eac        0x8 ../FinalVersion_bsp/\libhal_bsp.a(alt_flash_dev.o)
                0x0000000002037eac                alt_flash_dev_list
 *(.sdata2 .sdata2.* .gnu.linkonce.s2.*)
                0x0000000002037eb4                . = ALIGN (0x4)
                0x0000000002037eb4                _edata = ABSOLUTE (.)
                0x0000000002037eb4                PROVIDE (edata, ABSOLUTE (.))
                0x0000000002037eb4                PROVIDE (__ram_rwdata_end, ABSOLUTE (.))
                0x0000000002037eb4                PROVIDE (__flash_rwdata_start, LOADADDR (.rwdata))

.bss            0x000000000203b62c      0x160
                0x000000000203b62c                __bss_start = ABSOLUTE (.)
                0x000000000203b62c                PROVIDE (__sbss_start, ABSOLUTE (.))
                0x000000000203b62c                PROVIDE (___sbss_start, ABSOLUTE (.))
 *(.dynsbss)
 *(.sbss .sbss.* .gnu.linkonce.sb.*)
 .sbss          0x000000000203b62c        0x4 obj/default/demo/gui.o
 .sbss          0x000000000203b630        0xc c:/altera/15.0/nios2eds/bin/gnu/h-x86_64-mingw32/bin/../lib/gcc/nios2-elf/4.9.1/../../../../../H-x86_64-mingw32/nios2-elf/lib\libc.a(lib_a-mallocr.o)
                0x000000000203b630                __malloc_max_total_mem
                0x000000000203b634                __malloc_max_sbrked_mem
                0x000000000203b638                __malloc_top_pad
 .sbss          0x000000000203b63c        0x4 c:/altera/15.0/nios2eds/bin/gnu/h-x86_64-mingw32/bin/../lib/gcc/nios2-elf/4.9.1/../../../../../H-x86_64-mingw32/nios2-elf/lib\libc.a(lib_a-int_errno.o)
                0x000000000203b63c                errno
 .sbss          0x000000000203b640        0xc c:/altera/15.0/nios2eds/bin/gnu/h-x86_64-mingw32/bin/../lib/gcc/nios2-elf/4.9.1/../../../../../H-x86_64-mingw32/nios2-elf/lib\libc.a(lib_a-locale.o)
                0x000000000203b640                _PathLocale
                0x000000000203b644                __mlocale_changed
                0x000000000203b648                __nlocale_changed
 .sbss          0x000000000203b64c        0x4 ../FinalVersion_bsp/\libhal_bsp.a(alt_irq_vars.o)
                0x000000000203b64c                alt_irq_active
 .sbss          0x000000000203b650        0xc ../FinalVersion_bsp/\libhal_bsp.a(alt_main.o)
                0x000000000203b650                alt_argc
                0x000000000203b654                alt_argv
                0x000000000203b658                alt_envp
 .sbss          0x000000000203b65c        0x8 ../FinalVersion_bsp/\libhal_bsp.a(alt_tick.o)
                0x000000000203b65c                _alt_tick_rate
                0x000000000203b660                _alt_nticks
 *(.sbss2 .sbss2.* .gnu.linkonce.sb2.*)
 *(.scommon)
                0x000000000203b664                PROVIDE (__sbss_end, ABSOLUTE (.))
                0x000000000203b664                PROVIDE (___sbss_end, ABSOLUTE (.))
 *(.dynbss)
 *(.bss .bss.* .gnu.linkonce.b.*)
 .bss           0x000000000203b664        0x0 ../FinalVersion_bsp//obj/HAL/src/crt0.o
 .bss           0x000000000203b664        0x0 obj/default/demo/gui.o
 .bss           0x000000000203b664        0x0 obj/default/demo/gui_vpg.o
 .bss           0x000000000203b664        0x0 obj/default/fonts/tahomabold_20.o
 .bss           0x000000000203b664        0x0 obj/default/fonts/tahomabold_32.o
 .bss           0x000000000203b664        0x0 obj/default/graphic_lib/ILI9341.o
 .bss           0x000000000203b664        0x0 obj/default/graphic_lib/geometry.o
 .bss           0x000000000203b664        0x0 obj/default/graphic_lib/simple_graphics.o
 .bss           0x000000000203b664        0x0 obj/default/graphic_lib/simple_text.o
 .bss           0x000000000203b664        0x0 obj/default/main.o
 .bss           0x000000000203b664        0x0 obj/default/terasic_lib/touch_spi.o
 .bss           0x000000000203b664        0x0 obj/default/thats_my_gui.o
 .bss           0x000000000203b664        0x0 c:/altera/15.0/nios2eds/bin/gnu/h-x86_64-mingw32/bin/../lib/gcc/nios2-elf/4.9.1/../../../../../H-x86_64-mingw32/nios2-elf/lib\libm.a(lib_a-w_sqrt.o)
 .bss           0x000000000203b664        0x0 c:/altera/15.0/nios2eds/bin/gnu/h-x86_64-mingw32/bin/../lib/gcc/nios2-elf/4.9.1/../../../../../H-x86_64-mingw32/nios2-elf/lib\libm.a(lib_a-e_sqrt.o)
 .bss           0x000000000203b664        0x0 c:/altera/15.0/nios2eds/bin/gnu/h-x86_64-mingw32/bin/../lib/gcc/nios2-elf/4.9.1/../../../../../H-x86_64-mingw32/nios2-elf/lib\libm.a(lib_a-s_fpclassify.o)
 .bss           0x000000000203b664        0x0 c:/altera/15.0/nios2eds/bin/gnu/h-x86_64-mingw32/bin/../lib/gcc/nios2-elf/4.9.1/../../../../../H-x86_64-mingw32/nios2-elf/lib\libm.a(lib_a-s_lib_ver.o)
 .bss           0x000000000203b664        0x0 c:/altera/15.0/nios2eds/bin/gnu/h-x86_64-mingw32/bin/../lib/gcc/nios2-elf/4.9.1/../../../../../H-x86_64-mingw32/nios2-elf/lib\libm.a(lib_a-s_matherr.o)
 .bss           0x000000000203b664        0x0 c:/altera/15.0/nios2eds/bin/gnu/h-x86_64-mingw32/bin/../lib/gcc/nios2-elf/4.9.1\libgcc.a(lib2-divmod.o)
 .bss           0x000000000203b664        0x0 c:/altera/15.0/nios2eds/bin/gnu/h-x86_64-mingw32/bin/../lib/gcc/nios2-elf/4.9.1\libgcc.a(adddf3.o)
 .bss           0x000000000203b664        0x0 c:/altera/15.0/nios2eds/bin/gnu/h-x86_64-mingw32/bin/../lib/gcc/nios2-elf/4.9.1\libgcc.a(divdf3.o)
 .bss           0x000000000203b664        0x0 c:/altera/15.0/nios2eds/bin/gnu/h-x86_64-mingw32/bin/../lib/gcc/nios2-elf/4.9.1\libgcc.a(gedf2.o)
 .bss           0x000000000203b664        0x0 c:/altera/15.0/nios2eds/bin/gnu/h-x86_64-mingw32/bin/../lib/gcc/nios2-elf/4.9.1\libgcc.a(ledf2.o)
 .bss           0x000000000203b664        0x0 c:/altera/15.0/nios2eds/bin/gnu/h-x86_64-mingw32/bin/../lib/gcc/nios2-elf/4.9.1\libgcc.a(muldf3.o)
 .bss           0x000000000203b664        0x0 c:/altera/15.0/nios2eds/bin/gnu/h-x86_64-mingw32/bin/../lib/gcc/nios2-elf/4.9.1\libgcc.a(subdf3.o)
 .bss           0x000000000203b664        0x0 c:/altera/15.0/nios2eds/bin/gnu/h-x86_64-mingw32/bin/../lib/gcc/nios2-elf/4.9.1\libgcc.a(fixdfsi.o)
 .bss           0x000000000203b664        0x0 c:/altera/15.0/nios2eds/bin/gnu/h-x86_64-mingw32/bin/../lib/gcc/nios2-elf/4.9.1\libgcc.a(floatsidf.o)
 .bss           0x000000000203b664        0x0 c:/altera/15.0/nios2eds/bin/gnu/h-x86_64-mingw32/bin/../lib/gcc/nios2-elf/4.9.1\libgcc.a(_clzsi2.o)
 .bss           0x000000000203b664        0x0 c:/altera/15.0/nios2eds/bin/gnu/h-x86_64-mingw32/bin/../lib/gcc/nios2-elf/4.9.1\libgcc.a(_clz.o)
 .bss           0x000000000203b664        0x0 c:/altera/15.0/nios2eds/bin/gnu/h-x86_64-mingw32/bin/../lib/gcc/nios2-elf/4.9.1/../../../../../H-x86_64-mingw32/nios2-elf/lib\libc.a(lib_a-errno.o)
 .bss           0x000000000203b664        0x0 c:/altera/15.0/nios2eds/bin/gnu/h-x86_64-mingw32/bin/../lib/gcc/nios2-elf/4.9.1/../../../../../H-x86_64-mingw32/nios2-elf/lib\libc.a(lib_a-impure.o)
 .bss           0x000000000203b664        0x0 c:/altera/15.0/nios2eds/bin/gnu/h-x86_64-mingw32/bin/../lib/gcc/nios2-elf/4.9.1/../../../../../H-x86_64-mingw32/nios2-elf/lib\libc.a(lib_a-malloc.o)
 .bss           0x000000000203b664       0x28 c:/altera/15.0/nios2eds/bin/gnu/h-x86_64-mingw32/bin/../lib/gcc/nios2-elf/4.9.1/../../../../../H-x86_64-mingw32/nios2-elf/lib\libc.a(lib_a-mallocr.o)
                0x000000000203b664                __malloc_current_mallinfo
 .bss           0x000000000203b68c        0x0 c:/altera/15.0/nios2eds/bin/gnu/h-x86_64-mingw32/bin/../lib/gcc/nios2-elf/4.9.1/../../../../../H-x86_64-mingw32/nios2-elf/lib\libc.a(lib_a-memcpy.o)
 .bss           0x000000000203b68c        0x0 c:/altera/15.0/nios2eds/bin/gnu/h-x86_64-mingw32/bin/../lib/gcc/nios2-elf/4.9.1/../../../../../H-x86_64-mingw32/nios2-elf/lib\libc.a(lib_a-memset.o)
 .bss           0x000000000203b68c        0x0 c:/altera/15.0/nios2eds/bin/gnu/h-x86_64-mingw32/bin/../lib/gcc/nios2-elf/4.9.1/../../../../../H-x86_64-mingw32/nios2-elf/lib\libc.a(lib_a-printf.o)
 .bss           0x000000000203b68c        0x0 c:/altera/15.0/nios2eds/bin/gnu/h-x86_64-mingw32/bin/../lib/gcc/nios2-elf/4.9.1/../../../../../H-x86_64-mingw32/nios2-elf/lib\libc.a(lib_a-puts.o)
 .bss           0x000000000203b68c        0x0 c:/altera/15.0/nios2eds/bin/gnu/h-x86_64-mingw32/bin/../lib/gcc/nios2-elf/4.9.1/../../../../../H-x86_64-mingw32/nios2-elf/lib\libc.a(lib_a-sbrkr.o)
 .bss           0x000000000203b68c        0x0 c:/altera/15.0/nios2eds/bin/gnu/h-x86_64-mingw32/bin/../lib/gcc/nios2-elf/4.9.1/../../../../../H-x86_64-mingw32/nios2-elf/lib\libc.a(lib_a-sprintf.o)
 .bss           0x000000000203b68c        0x0 c:/altera/15.0/nios2eds/bin/gnu/h-x86_64-mingw32/bin/../lib/gcc/nios2-elf/4.9.1/../../../../../H-x86_64-mingw32/nios2-elf/lib\libc.a(lib_a-strcpy.o)
 .bss           0x000000000203b68c        0x0 c:/altera/15.0/nios2eds/bin/gnu/h-x86_64-mingw32/bin/../lib/gcc/nios2-elf/4.9.1/../../../../../H-x86_64-mingw32/nios2-elf/lib\libc.a(lib_a-strlen.o)
 .bss           0x000000000203b68c        0x0 c:/altera/15.0/nios2eds/bin/gnu/h-x86_64-mingw32/bin/../lib/gcc/nios2-elf/4.9.1/../../../../../H-x86_64-mingw32/nios2-elf/lib\libc.a(lib_a-svfprintf.o)
 .bss           0x000000000203b68c        0x0 c:/altera/15.0/nios2eds/bin/gnu/h-x86_64-mingw32/bin/../lib/gcc/nios2-elf/4.9.1/../../../../../H-x86_64-mingw32/nios2-elf/lib\libc.a(lib_a-vfprintf.o)
 .bss           0x000000000203b68c        0x0 c:/altera/15.0/nios2eds/bin/gnu/h-x86_64-mingw32/bin/../lib/gcc/nios2-elf/4.9.1/../../../../../H-x86_64-mingw32/nios2-elf/lib\libc.a(lib_a-wsetup.o)
 .bss           0x000000000203b68c        0x0 c:/altera/15.0/nios2eds/bin/gnu/h-x86_64-mingw32/bin/../lib/gcc/nios2-elf/4.9.1/../../../../../H-x86_64-mingw32/nios2-elf/lib\libc.a(lib_a-dtoa.o)
 .bss           0x000000000203b68c        0x0 c:/altera/15.0/nios2eds/bin/gnu/h-x86_64-mingw32/bin/../lib/gcc/nios2-elf/4.9.1/../../../../../H-x86_64-mingw32/nios2-elf/lib\libc.a(lib_a-fflush.o)
 .bss           0x000000000203b68c        0x0 c:/altera/15.0/nios2eds/bin/gnu/h-x86_64-mingw32/bin/../lib/gcc/nios2-elf/4.9.1/../../../../../H-x86_64-mingw32/nios2-elf/lib\libc.a(lib_a-findfp.o)
 .bss           0x000000000203b68c        0x0 c:/altera/15.0/nios2eds/bin/gnu/h-x86_64-mingw32/bin/../lib/gcc/nios2-elf/4.9.1/../../../../../H-x86_64-mingw32/nios2-elf/lib\libc.a(lib_a-freer.o)
 .bss           0x000000000203b68c        0x0 c:/altera/15.0/nios2eds/bin/gnu/h-x86_64-mingw32/bin/../lib/gcc/nios2-elf/4.9.1/../../../../../H-x86_64-mingw32/nios2-elf/lib\libc.a(lib_a-fvwrite.o)
 .bss           0x000000000203b68c        0x0 c:/altera/15.0/nios2eds/bin/gnu/h-x86_64-mingw32/bin/../lib/gcc/nios2-elf/4.9.1/../../../../../H-x86_64-mingw32/nios2-elf/lib\libc.a(lib_a-fwalk.o)
 .bss           0x000000000203b68c        0x0 c:/altera/15.0/nios2eds/bin/gnu/h-x86_64-mingw32/bin/../lib/gcc/nios2-elf/4.9.1/../../../../../H-x86_64-mingw32/nios2-elf/lib\libc.a(lib_a-int_errno.o)
 .bss           0x000000000203b68c        0x0 c:/altera/15.0/nios2eds/bin/gnu/h-x86_64-mingw32/bin/../lib/gcc/nios2-elf/4.9.1/../../../../../H-x86_64-mingw32/nios2-elf/lib\libc.a(lib_a-locale.o)
 .bss           0x000000000203b68c        0x0 c:/altera/15.0/nios2eds/bin/gnu/h-x86_64-mingw32/bin/../lib/gcc/nios2-elf/4.9.1/../../../../../H-x86_64-mingw32/nios2-elf/lib\libc.a(lib_a-makebuf.o)
 .bss           0x000000000203b68c        0x0 c:/altera/15.0/nios2eds/bin/gnu/h-x86_64-mingw32/bin/../lib/gcc/nios2-elf/4.9.1/../../../../../H-x86_64-mingw32/nios2-elf/lib\libc.a(lib_a-memchr.o)
 .bss           0x000000000203b68c        0x0 c:/altera/15.0/nios2eds/bin/gnu/h-x86_64-mingw32/bin/../lib/gcc/nios2-elf/4.9.1/../../../../../H-x86_64-mingw32/nios2-elf/lib\libc.a(lib_a-memmove.o)
 .bss           0x000000000203b68c        0x0 c:/altera/15.0/nios2eds/bin/gnu/h-x86_64-mingw32/bin/../lib/gcc/nios2-elf/4.9.1/../../../../../H-x86_64-mingw32/nios2-elf/lib\libc.a(lib_a-mprec.o)
 .bss           0x000000000203b68c        0x0 c:/altera/15.0/nios2eds/bin/gnu/h-x86_64-mingw32/bin/../lib/gcc/nios2-elf/4.9.1/../../../../../H-x86_64-mingw32/nios2-elf/lib\libc.a(lib_a-reallocr.o)
 .bss           0x000000000203b68c        0x0 c:/altera/15.0/nios2eds/bin/gnu/h-x86_64-mingw32/bin/../lib/gcc/nios2-elf/4.9.1/../../../../../H-x86_64-mingw32/nios2-elf/lib\libc.a(lib_a-stdio.o)
 .bss           0x000000000203b68c        0x0 c:/altera/15.0/nios2eds/bin/gnu/h-x86_64-mingw32/bin/../lib/gcc/nios2-elf/4.9.1/../../../../../H-x86_64-mingw32/nios2-elf/lib\libc.a(lib_a-strcmp.o)
 .bss           0x000000000203b68c        0x0 c:/altera/15.0/nios2eds/bin/gnu/h-x86_64-mingw32/bin/../lib/gcc/nios2-elf/4.9.1/../../../../../H-x86_64-mingw32/nios2-elf/lib\libc.a(lib_a-svfiprintf.o)
 .bss           0x000000000203b68c        0x0 c:/altera/15.0/nios2eds/bin/gnu/h-x86_64-mingw32/bin/../lib/gcc/nios2-elf/4.9.1/../../../../../H-x86_64-mingw32/nios2-elf/lib\libc.a(lib_a-vfiprintf.o)
 .bss           0x000000000203b68c        0x0 c:/altera/15.0/nios2eds/bin/gnu/h-x86_64-mingw32/bin/../lib/gcc/nios2-elf/4.9.1/../../../../../H-x86_64-mingw32/nios2-elf/lib\libc.a(lib_a-writer.o)
 .bss           0x000000000203b68c        0x0 c:/altera/15.0/nios2eds/bin/gnu/h-x86_64-mingw32/bin/../lib/gcc/nios2-elf/4.9.1/../../../../../H-x86_64-mingw32/nios2-elf/lib\libc.a(closer.o)
 .bss           0x000000000203b68c        0x0 c:/altera/15.0/nios2eds/bin/gnu/h-x86_64-mingw32/bin/../lib/gcc/nios2-elf/4.9.1/../../../../../H-x86_64-mingw32/nios2-elf/lib\libc.a(lib_a-callocr.o)
 .bss           0x000000000203b68c        0x0 c:/altera/15.0/nios2eds/bin/gnu/h-x86_64-mingw32/bin/../lib/gcc/nios2-elf/4.9.1/../../../../../H-x86_64-mingw32/nios2-elf/lib\libc.a(lib_a-fclose.o)
 .bss           0x000000000203b68c        0x0 c:/altera/15.0/nios2eds/bin/gnu/h-x86_64-mingw32/bin/../lib/gcc/nios2-elf/4.9.1/../../../../../H-x86_64-mingw32/nios2-elf/lib\libc.a(lib_a-fputwc.o)
 .bss           0x000000000203b68c        0x0 c:/altera/15.0/nios2eds/bin/gnu/h-x86_64-mingw32/bin/../lib/gcc/nios2-elf/4.9.1/../../../../../H-x86_64-mingw32/nios2-elf/lib\libc.a(lib_a-fstatr.o)
 .bss           0x000000000203b68c        0x0 c:/altera/15.0/nios2eds/bin/gnu/h-x86_64-mingw32/bin/../lib/gcc/nios2-elf/4.9.1/../../../../../H-x86_64-mingw32/nios2-elf/lib\libc.a(lib_a-isattyr.o)
 .bss           0x000000000203b68c        0x0 c:/altera/15.0/nios2eds/bin/gnu/h-x86_64-mingw32/bin/../lib/gcc/nios2-elf/4.9.1/../../../../../H-x86_64-mingw32/nios2-elf/lib\libc.a(lib_a-lseekr.o)
 .bss           0x000000000203b68c        0x0 c:/altera/15.0/nios2eds/bin/gnu/h-x86_64-mingw32/bin/../lib/gcc/nios2-elf/4.9.1/../../../../../H-x86_64-mingw32/nios2-elf/lib\libc.a(lib_a-readr.o)
 .bss           0x000000000203b68c        0x0 c:/altera/15.0/nios2eds/bin/gnu/h-x86_64-mingw32/bin/../lib/gcc/nios2-elf/4.9.1/../../../../../H-x86_64-mingw32/nios2-elf/lib\libc.a(lib_a-wbuf.o)
 .bss           0x000000000203b68c        0x0 c:/altera/15.0/nios2eds/bin/gnu/h-x86_64-mingw32/bin/../lib/gcc/nios2-elf/4.9.1/../../../../../H-x86_64-mingw32/nios2-elf/lib\libc.a(lib_a-wcrtomb.o)
 .bss           0x000000000203b68c        0x0 c:/altera/15.0/nios2eds/bin/gnu/h-x86_64-mingw32/bin/../lib/gcc/nios2-elf/4.9.1/../../../../../H-x86_64-mingw32/nios2-elf/lib\libc.a(lib_a-wctomb_r.o)
 .bss           0x000000000203b68c        0x0 c:/altera/15.0/nios2eds/bin/gnu/h-x86_64-mingw32/bin/../lib/gcc/nios2-elf/4.9.1\libgcc.a(_udivdi3.o)
 .bss           0x000000000203b68c        0x0 c:/altera/15.0/nios2eds/bin/gnu/h-x86_64-mingw32/bin/../lib/gcc/nios2-elf/4.9.1\libgcc.a(_umoddi3.o)
 .bss           0x000000000203b68c        0x0 c:/altera/15.0/nios2eds/bin/gnu/h-x86_64-mingw32/bin/../lib/gcc/nios2-elf/4.9.1\libgcc.a(eqdf2.o)
 .bss           0x000000000203b68c        0x0 c:/altera/15.0/nios2eds/bin/gnu/h-x86_64-mingw32/bin/../lib/gcc/nios2-elf/4.9.1\libgcc.a(floatunsidf.o)
 .bss           0x000000000203b68c        0x0 ../FinalVersion_bsp/\libhal_bsp.a(alt_alarm_start.o)
 .bss           0x000000000203b68c        0x0 ../FinalVersion_bsp/\libhal_bsp.a(alt_close.o)
 .bss           0x000000000203b68c        0x0 ../FinalVersion_bsp/\libhal_bsp.a(alt_dev.o)
 .bss           0x000000000203b68c        0x0 ../FinalVersion_bsp/\libhal_bsp.a(alt_errno.o)
 .bss           0x000000000203b68c        0x0 ../FinalVersion_bsp/\libhal_bsp.a(alt_fstat.o)
 .bss           0x000000000203b68c        0x0 ../FinalVersion_bsp/\libhal_bsp.a(alt_iic.o)
 .bss           0x000000000203b68c        0x0 ../FinalVersion_bsp/\libhal_bsp.a(alt_iic_isr_register.o)
 .bss           0x000000000203b68c        0x0 ../FinalVersion_bsp/\libhal_bsp.a(alt_irq_entry.o)
 .bss           0x000000000203b68c        0x0 ../FinalVersion_bsp/\libhal_bsp.a(alt_irq_handler.o)
 .bss           0x000000000203b68c        0x0 ../FinalVersion_bsp/\libhal_bsp.a(alt_irq_vars.o)
 .bss           0x000000000203b68c        0x0 ../FinalVersion_bsp/\libhal_bsp.a(alt_isatty.o)
 .bss           0x000000000203b68c        0x0 ../FinalVersion_bsp/\libhal_bsp.a(alt_load.o)
 .bss           0x000000000203b68c        0x0 ../FinalVersion_bsp/\libhal_bsp.a(alt_lseek.o)
 .bss           0x000000000203b68c        0x0 ../FinalVersion_bsp/\libhal_bsp.a(alt_main.o)
 .bss           0x000000000203b68c        0x0 ../FinalVersion_bsp/\libhal_bsp.a(alt_malloc_lock.o)
 .bss           0x000000000203b68c        0x0 ../FinalVersion_bsp/\libhal_bsp.a(alt_read.o)
 .bss           0x000000000203b68c        0x0 ../FinalVersion_bsp/\libhal_bsp.a(alt_release_fd.o)
 .bss           0x000000000203b68c        0x0 ../FinalVersion_bsp/\libhal_bsp.a(alt_sbrk.o)
 .bss           0x000000000203b68c        0x0 ../FinalVersion_bsp/\libhal_bsp.a(alt_tick.o)
 .bss           0x000000000203b68c        0x0 ../FinalVersion_bsp/\libhal_bsp.a(alt_usleep.o)
 .bss           0x000000000203b68c        0x0 ../FinalVersion_bsp/\libhal_bsp.a(alt_write.o)
 .bss           0x000000000203b68c        0x0 ../FinalVersion_bsp/\libhal_bsp.a(alt_sys_init.o)
 .bss           0x000000000203b68c        0x0 ../FinalVersion_bsp/\libhal_bsp.a(altera_avalon_epcs_flash_controller.o)
 .bss           0x000000000203b68c        0x0 ../FinalVersion_bsp/\libhal_bsp.a(altera_avalon_jtag_uart_fd.o)
 .bss           0x000000000203b68c        0x0 ../FinalVersion_bsp/\libhal_bsp.a(altera_avalon_jtag_uart_init.o)
 .bss           0x000000000203b68c        0x0 ../FinalVersion_bsp/\libhal_bsp.a(altera_avalon_jtag_uart_ioctl.o)
 .bss           0x000000000203b68c        0x0 ../FinalVersion_bsp/\libhal_bsp.a(altera_avalon_jtag_uart_read.o)
 .bss           0x000000000203b68c        0x0 ../FinalVersion_bsp/\libhal_bsp.a(altera_avalon_jtag_uart_write.o)
 .bss           0x000000000203b68c        0x0 ../FinalVersion_bsp/\libhal_bsp.a(altera_avalon_spi.o)
 .bss           0x000000000203b68c        0x0 ../FinalVersion_bsp/\libhal_bsp.a(altera_avalon_timer_sc.o)
 .bss           0x000000000203b68c        0x0 ../FinalVersion_bsp/\libhal_bsp.a(epcs_commands.o)
 .bss           0x000000000203b68c        0x0 ../FinalVersion_bsp/\libhal_bsp.a(alt_busy_sleep.o)
 .bss           0x000000000203b68c        0x0 ../FinalVersion_bsp/\libhal_bsp.a(alt_dcache_flush_all.o)
 .bss           0x000000000203b68c        0x0 ../FinalVersion_bsp/\libhal_bsp.a(alt_dev_llist_insert.o)
 .bss           0x000000000203b68c        0x0 ../FinalVersion_bsp/\libhal_bsp.a(alt_do_ctors.o)
 .bss           0x000000000203b68c        0x0 ../FinalVersion_bsp/\libhal_bsp.a(alt_do_dtors.o)
 .bss           0x000000000203b68c        0x0 ../FinalVersion_bsp/\libhal_bsp.a(alt_exception_entry.o)
 .bss           0x000000000203b68c        0x0 ../FinalVersion_bsp/\libhal_bsp.a(alt_flash_dev.o)
 .bss           0x000000000203b68c        0x0 ../FinalVersion_bsp/\libhal_bsp.a(alt_icache_flush_all.o)
 .bss           0x000000000203b68c        0x0 ../FinalVersion_bsp/\libhal_bsp.a(alt_io_redirect.o)
 .bss           0x000000000203b68c        0x0 ../FinalVersion_bsp/\libhal_bsp.a(alt_open.o)
 .bss           0x000000000203b68c        0x0 ../FinalVersion_bsp/\libhal_bsp.a(altera_nios2_gen2_irq.o)
 .bss           0x000000000203b68c        0x0 ../FinalVersion_bsp/\libhal_bsp.a(alt_find_dev.o)
 .bss           0x000000000203b68c        0x0 ../FinalVersion_bsp/\libhal_bsp.a(alt_find_file.o)
 .bss           0x000000000203b68c        0x0 ../FinalVersion_bsp/\libhal_bsp.a(alt_get_fd.o)
 .bss           0x000000000203b68c        0x0 ../FinalVersion_bsp/\libhal_bsp.a(alt_icache_flush.o)
 .bss           0x000000000203b68c        0x0 c:/altera/15.0/nios2eds/bin/gnu/h-x86_64-mingw32/bin/../lib/gcc/nios2-elf/4.9.1/../../../../../H-x86_64-mingw32/nios2-elf/lib\libc.a(lib_a-atexit.o)
 .bss           0x000000000203b68c        0x0 c:/altera/15.0/nios2eds/bin/gnu/h-x86_64-mingw32/bin/../lib/gcc/nios2-elf/4.9.1/../../../../../H-x86_64-mingw32/nios2-elf/lib\libc.a(lib_a-exit.o)
 .bss           0x000000000203b68c        0x0 c:/altera/15.0/nios2eds/bin/gnu/h-x86_64-mingw32/bin/../lib/gcc/nios2-elf/4.9.1/../../../../../H-x86_64-mingw32/nios2-elf/lib\libc.a(lib_a-memcmp.o)
 .bss           0x000000000203b68c        0x0 c:/altera/15.0/nios2eds/bin/gnu/h-x86_64-mingw32/bin/../lib/gcc/nios2-elf/4.9.1/../../../../../H-x86_64-mingw32/nios2-elf/lib\libc.a(lib_a-__atexit.o)
 .bss           0x000000000203b68c        0x0 c:/altera/15.0/nios2eds/bin/gnu/h-x86_64-mingw32/bin/../lib/gcc/nios2-elf/4.9.1/../../../../../H-x86_64-mingw32/nios2-elf/lib\libc.a(lib_a-__call_atexit.o)
 .bss           0x000000000203b68c        0x0 ../FinalVersion_bsp/\libhal_bsp.a(alt_exit.o)
 *(COMMON)
 COMMON         0x000000000203b68c      0x100 ../FinalVersion_bsp/\libhal_bsp.a(alt_irq_handler.o)
                0x000000000203b68c                alt_irq
                0x000000000203b78c                . = ALIGN (0x4)
                0x000000000203b78c                __bss_end = ABSOLUTE (.)

.SDRAM          0x000000000203b78c        0x0
                0x000000000203b78c                PROVIDE (_alt_partition_SDRAM_start, ABSOLUTE (.))
 *(.SDRAM .SDRAM. SDRAM.*)
                0x000000000203b78c                . = ALIGN (0x4)
                0x000000000203b78c                PROVIDE (_alt_partition_SDRAM_end, ABSOLUTE (.))
                0x000000000203b78c                _end = ABSOLUTE (.)
                0x000000000203b78c                end = ABSOLUTE (.)
                0x000000000203b78c                __alt_stack_base = ABSOLUTE (.)
                0x000000000203b78c                PROVIDE (_alt_partition_SDRAM_load_addr, LOADADDR (.SDRAM))

.background_mem
                0x0000000004000000        0x0 load address 0x000000000203b78c
                0x0000000004000000                PROVIDE (_alt_partition_background_mem_start, ABSOLUTE (.))
 *(.background_mem .background_mem. background_mem.*)
                0x0000000004000000                . = ALIGN (0x4)
                0x0000000004000000                PROVIDE (_alt_partition_background_mem_end, ABSOLUTE (.))
                0x000000000203b78c                PROVIDE (_alt_partition_background_mem_load_addr, LOADADDR (.background_mem))

.pic_mem        0x0000000004004000        0x0 load address 0x000000000203b78c